// Jest Snapshot v1, https://goo.gl/fbAQLP

exports[`<BootcampSidebar /> should render and match the snapshot 1`] = `
<div
  className="Wrapper-sc-17rbylo-0 ezcUnI"
>
  <div
    className="top_detail"
  >
    <div
      className="prices"
    >
      <h4>
        $20.99
      </h4>
      <del>
        $94.99
      </del>
      <span>
        |  87% off
      </span>
    </div>
    <div
      className="rating"
    >
      <p>
        4.7
      </p>
      <div
        className="stars"
      >
        <svg
          fill="currentColor"
          height="1em"
          stroke="currentColor"
          strokeWidth="0"
          style={
            Object {
              "color": undefined,
            }
          }
          viewBox="0 0 24 24"
          width="1em"
          xmlns="http://www.w3.org/2000/svg"
        >
          <g>
            <path
              d="M0 0h24v24H0z"
              fill="none"
            />
            <path
              d="M12 17l-5.878 3.59 1.598-6.7-5.23-4.48 6.865-.55L12 2.5l2.645 6.36 6.866.55-5.231 4.48 1.598 6.7z"
            />
          </g>
        </svg>
        <svg
          fill="currentColor"
          height="1em"
          stroke="currentColor"
          strokeWidth="0"
          style={
            Object {
              "color": undefined,
            }
          }
          viewBox="0 0 24 24"
          width="1em"
          xmlns="http://www.w3.org/2000/svg"
        >
          <g>
            <path
              d="M0 0h24v24H0z"
              fill="none"
            />
            <path
              d="M12 17l-5.878 3.59 1.598-6.7-5.23-4.48 6.865-.55L12 2.5l2.645 6.36 6.866.55-5.231 4.48 1.598 6.7z"
            />
          </g>
        </svg>
        <svg
          fill="currentColor"
          height="1em"
          stroke="currentColor"
          strokeWidth="0"
          style={
            Object {
              "color": undefined,
            }
          }
          viewBox="0 0 24 24"
          width="1em"
          xmlns="http://www.w3.org/2000/svg"
        >
          <g>
            <path
              d="M0 0h24v24H0z"
              fill="none"
            />
            <path
              d="M12 17l-5.878 3.59 1.598-6.7-5.23-4.48 6.865-.55L12 2.5l2.645 6.36 6.866.55-5.231 4.48 1.598 6.7z"
            />
          </g>
        </svg>
        <svg
          fill="currentColor"
          height="1em"
          stroke="currentColor"
          strokeWidth="0"
          style={
            Object {
              "color": undefined,
            }
          }
          viewBox="0 0 24 24"
          width="1em"
          xmlns="http://www.w3.org/2000/svg"
        >
          <g>
            <path
              d="M0 0h24v24H0z"
              fill="none"
            />
            <path
              d="M12 17l-5.878 3.59 1.598-6.7-5.23-4.48 6.865-.55L12 2.5l2.645 6.36 6.866.55-5.231 4.48 1.598 6.7z"
            />
          </g>
        </svg>
        <svg
          fill="currentColor"
          height="1em"
          stroke="currentColor"
          strokeWidth="0"
          style={
            Object {
              "color": undefined,
            }
          }
          viewBox="0 0 24 24"
          width="1em"
          xmlns="http://www.w3.org/2000/svg"
        >
          <g>
            <path
              d="M0 0h24v24H0z"
              fill="none"
            />
            <path
              d="M12 17l-5.878 3.59 1.598-6.7-5.23-4.48 6.865-.55L12 2.5l2.645 6.36 6.866.55-5.231 4.48 1.598 6.7z"
            />
          </g>
        </svg>
      </div>
    </div>
    <a
      href="/"
      onClick={[Function]}
    >
      <span>
        Attend Event
      </span>
    </a>
    <button
      aria-label={null}
      className="btn btn-secondary"
      onClick={[Function]}
    >
      <span>
        Add to Cart
      </span>
    </button>
  </div>
  <p />
  <div
    className="form-group"
  >
    <label
      className=""
      htmlFor="email"
    >
      <span>
        Email Address
      </span>
    </label>
    <input
      className="form-control"
      id="email"
      name="email"
      placeholder="Enter email"
      type="email"
    />
  </div>
  <div
    className="summary"
  >
    <h4>
      <span>
        Summary
      </span>
    </h4>
    <ul
      clasName="list"
    >
      <li>
        <p>
          <span>
            Original Price:
          </span>
        </p>
        <p>
          $94.99
        </p>
      </li>
      <li>
        <p>
          <span>
            Coupon Discounts:
          </span>
        </p>
        <p>
          -$74.00
        </p>
      </li>
      <li>
        <p>
          <span>
            Total:
          </span>
        </p>
        <h4>
          $20.99
        </h4>
      </li>
    </ul>
  </div>
</div>
`;
