// Jest Snapshot v1, https://goo.gl/fbAQLP

exports[`<Footer /> should render and match the snapshot 1`] = `
<div
  className="profileAside"
>
  <img
    alt="Logo"
    className="img-fluid mx-auto d-block"
    src="IMAGE_MOCK"
  />
  <div
    className="sideNav"
  >
    <div
      className="sideNavLink"
    >
      <a
        href="/my_profile"
        onClick={[Function]}
      >
        <p>
          <svg
            fill="currentColor"
            height="1em"
            stroke="currentColor"
            strokeWidth="0"
            style={
              Object {
                "color": undefined,
              }
            }
            viewBox="0 0 24 24"
            width="1em"
            xmlns="http://www.w3.org/2000/svg"
          >
            <path
              d="M12,8c-1.178,0-2,0.822-2,2s0.822,2,2,2s2-0.822,2-2S13.178,8,12,8z"
              fill="none"
            />
            <path
              d="M12,4c-4.337,0-8,3.663-8,8c0,2.176,0.923,4.182,2.39,5.641c0.757-1.8,2.538-3.068,4.61-3.068h2 c2.072,0,3.854,1.269,4.61,3.068C19.077,16.182,20,14.176,20,12C20,7.663,16.337,4,12,4z M12,14c-2.28,0-4-1.72-4-4s1.72-4,4-4 s4,1.72,4,4S14.28,14,12,14z"
              fill="none"
            />
            <path
              d="M13,16.572h-2c-1.432,0-2.629,1.01-2.926,2.354C9.242,19.604,10.584,20,12,20s2.758-0.396,3.926-1.073 C15.629,17.582,14.432,16.572,13,16.572z"
              fill="none"
            />
            <path
              d="M12,2C6.579,2,2,6.579,2,12c0,3.189,1.592,6.078,4,7.924V20h0.102C7.77,21.245,9.813,22,12,22s4.23-0.755,5.898-2H18 v-0.076c2.408-1.846,4-4.734,4-7.924C22,6.579,17.421,2,12,2z M8.074,18.927c0.297-1.345,1.494-2.354,2.926-2.354h2 c1.432,0,2.629,1.01,2.926,2.354C14.758,19.604,13.416,20,12,20S9.242,19.604,8.074,18.927z M17.61,17.641 c-0.757-1.8-2.538-3.068-4.61-3.068h-2c-2.072,0-3.854,1.269-4.61,3.068C4.923,16.182,4,14.176,4,12c0-4.337,3.663-8,8-8 s8,3.663,8,8C20,14.176,19.077,16.182,17.61,17.641z"
            />
            <path
              d="M12,6c-2.28,0-4,1.72-4,4s1.72,4,4,4s4-1.72,4-4S14.28,6,12,6z M12,12c-1.178,0-2-0.822-2-2s0.822-2,2-2s2,0.822,2,2 S13.178,12,12,12z"
            />
          </svg>
        </p>
        Profile
      </a>
    </div>
    <div
      className="customDropdown"
      onClick={[Function]}
      onKeyDown={[Function]}
      role="button"
      tabIndex={0}
    >
      <button
        aria-label={null}
        className="sideNavLink btn btn-default btn btn-primary"
        onClick={[Function]}
        style={
          Object {
            "marginBottom": "1rem",
          }
        }
        type="button"
      >
        <p>
          <svg
            fill="currentColor"
            height="1em"
            stroke="currentColor"
            strokeWidth="0"
            style={
              Object {
                "color": undefined,
              }
            }
            viewBox="0 0 16 16"
            width="1em"
            xmlns="http://www.w3.org/2000/svg"
          >
            <path
              clipRule="evenodd"
              d="M14 1H2a1 1 0 00-1 1v8a1 1 0 001 1h2.5a2 2 0 011.6.8L8 14.333 9.9 11.8a2 2 0 011.6-.8H14a1 1 0 001-1V2a1 1 0 00-1-1zM2 0a2 2 0 00-2 2v8a2 2 0 002 2h2.5a1 1 0 01.8.4l1.9 2.533a1 1 0 001.6 0l1.9-2.533a1 1 0 01.8-.4H14a2 2 0 002-2V2a2 2 0 00-2-2H2z"
              fillRule="evenodd"
            />
          </svg>
        </p>
        My Collection Â 
        <span>
          <svg
            fill="currentColor"
            height="1em"
            stroke="currentColor"
            strokeWidth="0"
            style={
              Object {
                "color": undefined,
              }
            }
            viewBox="0 0 448 512"
            width="1em"
            xmlns="http://www.w3.org/2000/svg"
          >
            <path
              d="M207.029 381.476L12.686 187.132c-9.373-9.373-9.373-24.569 0-33.941l22.667-22.667c9.357-9.357 24.522-9.375 33.901-.04L224 284.505l154.745-154.021c9.379-9.335 24.544-9.317 33.901.04l22.667 22.667c9.373 9.373 9.373 24.569 0 33.941L240.971 381.476c-9.373 9.372-24.569 9.372-33.942 0z"
            />
          </svg>
        </span>
      </button>
    </div>
    <div
      className="sideNavLink"
    >
      <a
        href="/setting"
        onClick={[Function]}
      >
        <p>
          <svg
            fill="currentColor"
            height="1em"
            stroke="currentColor"
            strokeWidth="0"
            style={
              Object {
                "color": undefined,
              }
            }
            viewBox="0 0 24 24"
            width="1em"
            xmlns="http://www.w3.org/2000/svg"
          >
            <g>
              <path
                d="M0 0h24v24H0z"
                fill="none"
              />
              <path
                d="M12 14v2a6 6 0 0 0-6 6H4a8 8 0 0 1 8-8zm0-1c-3.315 0-6-2.685-6-6s2.685-6 6-6 6 2.685 6 6-2.685 6-6 6zm0-2c2.21 0 4-1.79 4-4s-1.79-4-4-4-4 1.79-4 4 1.79 4 4 4zm2.595 7.812a3.51 3.51 0 0 1 0-1.623l-.992-.573 1-1.732.992.573A3.496 3.496 0 0 1 17 14.645V13.5h2v1.145c.532.158 1.012.44 1.405.812l.992-.573 1 1.732-.992.573a3.51 3.51 0 0 1 0 1.622l.992.573-1 1.732-.992-.573a3.496 3.496 0 0 1-1.405.812V22.5h-2v-1.145a3.496 3.496 0 0 1-1.405-.812l-.992.573-1-1.732.992-.572zM18 19.5a1.5 1.5 0 1 0 0-3 1.5 1.5 0 0 0 0 3z"
              />
            </g>
          </svg>
        </p>
        Setting
      </a>
    </div>
    <div
      className="sideNavLink"
    >
      <a
        href="/notification"
        onClick={[Function]}
      >
        <p>
          <img
            alt="bell"
            src="IMAGE_MOCK"
          />
        </p>
        Notification
      </a>
    </div>
  </div>
  <div
    className="homeBtn"
  >
    <a
      className="backBtn"
      href="/"
      onClick={[Function]}
    >
      Back to Home
    </a>
  </div>
</div>
`;
