// Jest Snapshot v1, https://goo.gl/fbAQLP

exports[`<MainSearch /> should render and match the snapshot 1`] = `
<div
  className="Wrapper-sc-14j29iq-0 iVfNxl"
>
  <div
    className="container-xl"
  >
    <div
      className="row"
    >
      <div
        className="col-sm-12 col-md-1 col-lg-2"
      />
      <div
        className="col-sm-12 col-md-10 col-lg-8"
      >
        <div
          className="main_content"
        >
          <h4>
            <span>
              How Can We Help?
            </span>
          </h4>
          <div
            className="obj_cont"
          >
            <div
              className="circle"
            >
              circle
            </div>
            <img
              alt="dots"
              className="dots"
              src="IMAGE_MOCK"
            />
            <div
              className="search_bar"
            >
              <div
                className="input-group"
              >
                <input
                  className="form-control"
                  placeholder="Search for help on specific topics"
                  type="text"
                />
                <div
                  className="input-group-append"
                >
                  <button
                    aria-label={null}
                    className="btn btn-secondary"
                    onClick={[Function]}
                  >
                    <span>
                      Search
                    </span>
                  </button>
                </div>
              </div>
            </div>
          </div>
        </div>
      </div>
      <div
        className="col-sm-12 col-md-1 col-lg-2"
      />
    </div>
  </div>
</div>
`;
