// Jest Snapshot v1, https://goo.gl/fbAQLP

exports[`<ArticleDescription /> should render and match the snapshot 1`] = `
<div
  className="Wrapper-sc-13i8z13-0 ccitXA"
  id="list"
>
  <div
    className="article"
  >
    <h4>
      <span>
        If You Live in Des Plaines and You Need a Fast-House Selling, ASAP Cash Home Buyers Got Your Back
      </span>
    </h4>
    <div
      className="article_outcomes"
    >
      <div
        className="item"
      >
        <svg
          fill="currentColor"
          height="1em"
          stroke="currentColor"
          strokeWidth="0"
          style={
            Object {
              "color": undefined,
            }
          }
          viewBox="0 0 1024 1024"
          width="1em"
          xmlns="http://www.w3.org/2000/svg"
        >
          <path
            d="M923 283.6a260.04 260.04 0 0 0-56.9-82.8 264.4 264.4 0 0 0-84-55.5A265.34 265.34 0 0 0 679.7 125c-49.3 0-97.4 13.5-139.2 39-10 6.1-19.5 12.8-28.5 20.1-9-7.3-18.5-14-28.5-20.1-41.8-25.5-89.9-39-139.2-39-35.5 0-69.9 6.8-102.4 20.3-31.4 13-59.7 31.7-84 55.5a258.44 258.44 0 0 0-56.9 82.8c-13.9 32.3-21 66.6-21 101.9 0 33.3 6.8 68 20.3 103.3 11.3 29.5 27.5 60.1 48.2 91 32.8 48.9 77.9 99.9 133.9 151.6 92.8 85.7 184.7 144.9 188.6 147.3l23.7 15.2c10.5 6.7 24 6.7 34.5 0l23.7-15.2c3.9-2.5 95.7-61.6 188.6-147.3 56-51.7 101.1-102.7 133.9-151.6 20.7-30.9 37-61.5 48.2-91 13.5-35.3 20.3-70 20.3-103.3.1-35.3-7-69.6-20.9-101.9zM512 814.8S156 586.7 156 385.5C156 283.6 240.3 201 344.3 201c73.1 0 136.5 40.8 167.7 100.4C543.2 241.8 606.6 201 679.7 201c104 0 188.3 82.6 188.3 184.5 0 201.2-356 429.3-356 429.3z"
          />
        </svg>
        <span>
          Aug 17, 2021
        </span>
      </div>
      <div
        className="item"
      >
        <svg
          fill="currentColor"
          height="1em"
          stroke="currentColor"
          strokeWidth="0"
          style={
            Object {
              "color": undefined,
            }
          }
          viewBox="0 0 20 20"
          width="1em"
          xmlns="http://www.w3.org/2000/svg"
        >
          <path
            clipRule="evenodd"
            d="M10 9a3 3 0 100-6 3 3 0 000 6zm-7 9a7 7 0 1114 0H3z"
            fillRule="evenodd"
          />
        </svg>
        <span>
          By FinLit
        </span>
      </div>
      <div
        className="item"
      >
        <svg
          fill="currentColor"
          height="1em"
          stroke="currentColor"
          strokeWidth="0"
          style={
            Object {
              "color": undefined,
            }
          }
          viewBox="0 0 1024 1024"
          width="1em"
          xmlns="http://www.w3.org/2000/svg"
        >
          <path
            d="M885.9 533.7c16.8-22.2 26.1-49.4 26.1-77.7 0-44.9-25.1-87.4-65.5-111.1a67.67 67.67 0 0 0-34.3-9.3H572.4l6-122.9c1.4-29.7-9.1-57.9-29.5-79.4A106.62 106.62 0 0 0 471 99.9c-52 0-98 35-111.8 85.1l-85.9 311h-.3v428h472.3c9.2 0 18.2-1.8 26.5-5.4 47.6-20.3 78.3-66.8 78.3-118.4 0-12.6-1.8-25-5.4-37 16.8-22.2 26.1-49.4 26.1-77.7 0-12.6-1.8-25-5.4-37 16.8-22.2 26.1-49.4 26.1-77.7-.2-12.6-2-25.1-5.6-37.1zM112 528v364c0 17.7 14.3 32 32 32h65V496h-65c-17.7 0-32 14.3-32 32z"
          />
        </svg>
        <span>
          1000
        </span>
      </div>
      <div
        className="item"
      >
        <svg
          fill="currentColor"
          height="1em"
          stroke="currentColor"
          strokeWidth="0"
          style={
            Object {
              "color": undefined,
            }
          }
          viewBox="0 0 24 24"
          width="1em"
          xmlns="http://www.w3.org/2000/svg"
        >
          <path
            d="M20 2H4c-1.1 0-1.99.9-1.99 2L2 22l4-4h14c1.1 0 2-.9 2-2V4c0-1.1-.9-2-2-2zM6 9h12v2H6V9zm8 5H6v-2h8v2zm4-6H6V6h12v2z"
          />
        </svg>
         0  
        <span>
          Comments
        </span>
      </div>
    </div>
    <div
      className="article_desc"
    >
      <p>
        <span>
          FOR IMMEDIATE RELEASE Fort Lauderdale, FL, Aug 13, 2021 – According to stats from the National Association of Realtors (NAR) made in 2020, the typical U.S. home will be on the market for an average of 24 days, estimating an average of 56 days to close on a purchase loan. That is around 90 days or a little over two months, from listing to closing. But since most of the sales depend on the season when you’re selling or the social/economical situation around the city/country, selling a house could become a really difficult task. And there’s nothing more stressful than needing to sell your house in a short amount of time. Being under the clock might lead you to sign a deal that won’t seem so convenient in the future when you have ASAP Cash Home Buyers help available. Don’t bet on “quick solutions” as foreclosure, which will only drop significantly your credit score, and many years of expensive and limited credit will be some of the long-term consequences of foreclosure, making financial recovery very difficult, if not near to impossible. But don’t worry, ASAP Cash Home Buyers have solutions to help you save your house or at least get the most cast out of it. They ensure their clients a well-informed procedure through the process of the sale of your home. Don’t be stressed out with all the realty jargon and paperwork involved, they will take care of that for you. And Illinois, we have great news because by trusting the company, you will be able to Sell Your House Fast Des Plaines! By providing a win-win situation for all of their clients, you will be able to move on with your life and enjoy a brighter future ahead. Their priority is to get your house sold as soon as possible, at a fair price, so you will not be victimized by down pricing. In ASAP CHB, they understand that you are selling your house for a very important reason and an urgent matter, so whatever you’re going through, and whatever is the reason behind your sale: they are here to help you. What does this company provide that is better than the rest in the market? You get to choose the date you move out. They buy any type of property! Houses, condos, townhomes, and at any price range! They offer a creative real estate solution for even the most complex problems: from inherited properties, probate, distressed homes, foreclosure, homes with fines and liens, upside down, and more. They are extremely competent when it comes to inherited properties by also taking care of the probate process for you They are connected with moving companies in case you need to relocate. So if you’re facing financial difficulties or you simply want to sell your home in the fastest possible way, trust ASAP Cash Home Buyers and visit https://asapcashhomebuyers.com/ to let them find your options and guide you in finding the right solution! Contact Info Name: Eden Sade Organization: ASAP Cash Home Buyers Address: 5130, N Federal Hwy, Suite 7A, Fort Lauderdale, FL, 33308 Phone: 866-350-6769 Website: https://asapcashhomebuyers.com/ Originally Posted On: https://syndication.cloud/if-you-live-in-des-plaines-and-you-need-a-fast-house-selling-asap-cash-home-buyers-got-your-back/
        </span>
      </p>
    </div>
  </div>
</div>
`;

exports[`<CartCheckoutDescription /> should render and match the snapshot 1`] = `
<div
  className="Wrapper-sc-1mx59rh-0 bSLZNn"
  id="list"
>
  <div
    className="cart_checkout"
  >
    <div
      className="header"
    >
      <div
        className="input-group"
      >
        <input
          className="form-control"
          id="seach"
          name="search"
          placeholder="Search"
          type="text"
        />
        <button
          aria-label={null}
          className="btn btn-secondary"
          onClick={[Function]}
        >
          <svg
            fill="currentColor"
            height="1em"
            stroke="currentColor"
            strokeWidth="0"
            style={
              Object {
                "color": undefined,
              }
            }
            viewBox="0 0 24 24"
            width="1em"
            xmlns="http://www.w3.org/2000/svg"
          >
            <path
              d="M19.023,16.977c-0.513-0.488-1.004-0.997-1.367-1.384c-0.372-0.378-0.596-0.653-0.596-0.653l-2.8-1.337 C15.34,12.37,16,10.763,16,9c0-3.859-3.14-7-7-7S2,5.141,2,9s3.14,7,7,7c1.763,0,3.37-0.66,4.603-1.739l1.337,2.8 c0,0,0.275,0.224,0.653,0.596c0.387,0.363,0.896,0.854,1.384,1.367c0.494,0.506,0.988,1.012,1.358,1.392 c0.362,0.388,0.604,0.646,0.604,0.646l2.121-2.121c0,0-0.258-0.242-0.646-0.604C20.035,17.965,19.529,17.471,19.023,16.977z M9,14 c-2.757,0-5-2.243-5-5s2.243-5,5-5s5,2.243,5,5S11.757,14,9,14z"
            />
          </svg>
        </button>
      </div>
      <div
        className="cart"
      >
        <svg
          fill="currentColor"
          height="1em"
          stroke="currentColor"
          strokeWidth="0"
          style={
            Object {
              "color": undefined,
            }
          }
          viewBox="0 0 512 512"
          width="1em"
          xmlns="http://www.w3.org/2000/svg"
        >
          <path
            d="M169.6 377.6c-22.882 0-41.6 18.718-41.6 41.601 0 22.882 18.718 41.6 41.6 41.6s41.601-18.718 41.601-41.6c-.001-22.884-18.72-41.601-41.601-41.601zM48 51.2v41.6h41.6l74.883 151.682-31.308 50.954c-3.118 5.2-5.2 12.482-5.2 19.765 0 27.85 19.025 41.6 44.825 41.6H416v-40H177.893c-3.118 0-5.2-2.082-5.2-5.2 0-1.036 2.207-5.2 2.207-5.2l20.782-32.8h154.954c15.601 0 29.128-8.317 36.4-21.836l74.882-128.8c1.237-2.461 2.082-6.246 2.082-10.399 0-11.446-9.364-19.765-20.8-19.765H135.364L115.6 51.2H48zm326.399 326.4c-22.882 0-41.6 18.718-41.6 41.601 0 22.882 18.718 41.6 41.6 41.6S416 442.082 416 419.2c0-22.883-18.719-41.6-41.601-41.6z"
          />
        </svg>
        <span
          className="no_item"
        >
          20
        </span>
      </div>
    </div>
    <div
      className="table-responsive"
    >
      <table>
        <thead>
          <tr>
            <th>
              <span>
                Courses
              </span>
            </th>
            <th>
              <span>
                Price
              </span>
            </th>
            <th>
              <span>
                Remove
              </span>
            </th>
          </tr>
        </thead>
        <tbody>
          <tr>
            <td>
              <div
                className="detail"
              >
                <div
                  className="icon"
                >
                  <img
                    alt="Icon"
                    src="IMAGE_MOCK"
                  />
                </div>
                <div
                  className="desc"
                >
                  <div
                    className="title"
                  >
                    <span>
                      100 Days of code
                    </span>
                  </div>
                  <p>
                    <span>
                      Lorem Ipsum
                    </span>
                  </p>
                  <div
                    className="provider"
                  >
                    <span>
                      Provided By:
                    </span>
                     
                    <span>
                      Joel & Natalie Rivera
                    </span>
                  </div>
                </div>
              </div>
            </td>
            <td>
              $150.00
            </td>
            <td>
              <button
                aria-label={null}
                className="btn btn-secondary"
                onClick={[Function]}
              >
                <svg
                  fill="currentColor"
                  height="1em"
                  stroke="currentColor"
                  strokeWidth="0"
                  style={
                    Object {
                      "color": undefined,
                    }
                  }
                  viewBox="0 0 1024 1024"
                  width="1em"
                  xmlns="http://www.w3.org/2000/svg"
                >
                  <path
                    d="M360 184h-8c4.4 0 8-3.6 8-8v8h304v-8c0 4.4 3.6 8 8 8h-8v72h72v-80c0-35.3-28.7-64-64-64H352c-35.3 0-64 28.7-64 64v80h72v-72zm504 72H160c-17.7 0-32 14.3-32 32v32c0 4.4 3.6 8 8 8h60.4l24.7 523c1.6 34.1 29.8 61 63.9 61h454c34.2 0 62.3-26.8 63.9-61l24.7-523H888c4.4 0 8-3.6 8-8v-32c0-17.7-14.3-32-32-32zM731.3 840H292.7l-24.2-512h487l-24.2 512z"
                  />
                </svg>
              </button>
            </td>
          </tr>
          <tr>
            <td>
              <div
                className="detail"
              >
                <div
                  className="icon"
                >
                  <img
                    alt="Icon"
                    src="IMAGE_MOCK"
                  />
                </div>
                <div
                  className="desc"
                >
                  <div
                    className="title"
                  >
                    <span>
                      100 Days of code
                    </span>
                  </div>
                  <p>
                    <span>
                      Lorem Ipsum
                    </span>
                  </p>
                  <div
                    className="provider"
                  >
                    <span>
                      Provided By:
                    </span>
                     
                    <span>
                      Joel & Natalie Rivera
                    </span>
                  </div>
                </div>
              </div>
            </td>
            <td>
              $150.00
            </td>
            <td>
              <button
                aria-label={null}
                className="btn btn-secondary"
                onClick={[Function]}
              >
                <svg
                  fill="currentColor"
                  height="1em"
                  stroke="currentColor"
                  strokeWidth="0"
                  style={
                    Object {
                      "color": undefined,
                    }
                  }
                  viewBox="0 0 1024 1024"
                  width="1em"
                  xmlns="http://www.w3.org/2000/svg"
                >
                  <path
                    d="M360 184h-8c4.4 0 8-3.6 8-8v8h304v-8c0 4.4 3.6 8 8 8h-8v72h72v-80c0-35.3-28.7-64-64-64H352c-35.3 0-64 28.7-64 64v80h72v-72zm504 72H160c-17.7 0-32 14.3-32 32v32c0 4.4 3.6 8 8 8h60.4l24.7 523c1.6 34.1 29.8 61 63.9 61h454c34.2 0 62.3-26.8 63.9-61l24.7-523H888c4.4 0 8-3.6 8-8v-32c0-17.7-14.3-32-32-32zM731.3 840H292.7l-24.2-512h487l-24.2 512z"
                  />
                </svg>
              </button>
            </td>
          </tr>
          <tr>
            <td>
              <div
                className="detail"
              >
                <div
                  className="icon"
                >
                  <img
                    alt="Icon"
                    src="IMAGE_MOCK"
                  />
                </div>
                <div
                  className="desc"
                >
                  <div
                    className="title"
                  >
                    <span>
                      100 Days of code
                    </span>
                  </div>
                  <p>
                    <span>
                      Lorem Ipsum
                    </span>
                  </p>
                  <div
                    className="provider"
                  >
                    <span>
                      Provided By:
                    </span>
                     
                    <span>
                      Joel & Natalie Rivera
                    </span>
                  </div>
                </div>
              </div>
            </td>
            <td>
              $150.00
            </td>
            <td>
              <button
                aria-label={null}
                className="btn btn-secondary"
                onClick={[Function]}
              >
                <svg
                  fill="currentColor"
                  height="1em"
                  stroke="currentColor"
                  strokeWidth="0"
                  style={
                    Object {
                      "color": undefined,
                    }
                  }
                  viewBox="0 0 1024 1024"
                  width="1em"
                  xmlns="http://www.w3.org/2000/svg"
                >
                  <path
                    d="M360 184h-8c4.4 0 8-3.6 8-8v8h304v-8c0 4.4 3.6 8 8 8h-8v72h72v-80c0-35.3-28.7-64-64-64H352c-35.3 0-64 28.7-64 64v80h72v-72zm504 72H160c-17.7 0-32 14.3-32 32v32c0 4.4 3.6 8 8 8h60.4l24.7 523c1.6 34.1 29.8 61 63.9 61h454c34.2 0 62.3-26.8 63.9-61l24.7-523H888c4.4 0 8-3.6 8-8v-32c0-17.7-14.3-32-32-32zM731.3 840H292.7l-24.2-512h487l-24.2 512z"
                  />
                </svg>
              </button>
            </td>
          </tr>
          <tr>
            <td>
              <div
                className="detail"
              >
                <div
                  className="icon"
                >
                  <img
                    alt="Icon"
                    src="IMAGE_MOCK"
                  />
                </div>
                <div
                  className="desc"
                >
                  <div
                    className="title"
                  >
                    <span>
                      100 Days of code
                    </span>
                  </div>
                  <p>
                    <span>
                      Lorem Ipsum
                    </span>
                  </p>
                  <div
                    className="provider"
                  >
                    <span>
                      Provided By:
                    </span>
                     
                    <span>
                      Joel & Natalie Rivera
                    </span>
                  </div>
                </div>
              </div>
            </td>
            <td>
              $150.00
            </td>
            <td>
              <button
                aria-label={null}
                className="btn btn-secondary"
                onClick={[Function]}
              >
                <svg
                  fill="currentColor"
                  height="1em"
                  stroke="currentColor"
                  strokeWidth="0"
                  style={
                    Object {
                      "color": undefined,
                    }
                  }
                  viewBox="0 0 1024 1024"
                  width="1em"
                  xmlns="http://www.w3.org/2000/svg"
                >
                  <path
                    d="M360 184h-8c4.4 0 8-3.6 8-8v8h304v-8c0 4.4 3.6 8 8 8h-8v72h72v-80c0-35.3-28.7-64-64-64H352c-35.3 0-64 28.7-64 64v80h72v-72zm504 72H160c-17.7 0-32 14.3-32 32v32c0 4.4 3.6 8 8 8h60.4l24.7 523c1.6 34.1 29.8 61 63.9 61h454c34.2 0 62.3-26.8 63.9-61l24.7-523H888c4.4 0 8-3.6 8-8v-32c0-17.7-14.3-32-32-32zM731.3 840H292.7l-24.2-512h487l-24.2 512z"
                  />
                </svg>
              </button>
            </td>
          </tr>
          <tr>
            <td>
              <div
                className="detail"
              >
                <div
                  className="icon"
                >
                  <img
                    alt="Icon"
                    src="IMAGE_MOCK"
                  />
                </div>
                <div
                  className="desc"
                >
                  <div
                    className="title"
                  >
                    <span>
                      100 Days of code
                    </span>
                  </div>
                  <p>
                    <span>
                      Lorem Ipsum
                    </span>
                  </p>
                  <div
                    className="provider"
                  >
                    <span>
                      Provided By:
                    </span>
                     
                    <span>
                      Joel & Natalie Rivera
                    </span>
                  </div>
                </div>
              </div>
            </td>
            <td>
              $150.00
            </td>
            <td>
              <button
                aria-label={null}
                className="btn btn-secondary"
                onClick={[Function]}
              >
                <svg
                  fill="currentColor"
                  height="1em"
                  stroke="currentColor"
                  strokeWidth="0"
                  style={
                    Object {
                      "color": undefined,
                    }
                  }
                  viewBox="0 0 1024 1024"
                  width="1em"
                  xmlns="http://www.w3.org/2000/svg"
                >
                  <path
                    d="M360 184h-8c4.4 0 8-3.6 8-8v8h304v-8c0 4.4 3.6 8 8 8h-8v72h72v-80c0-35.3-28.7-64-64-64H352c-35.3 0-64 28.7-64 64v80h72v-72zm504 72H160c-17.7 0-32 14.3-32 32v32c0 4.4 3.6 8 8 8h60.4l24.7 523c1.6 34.1 29.8 61 63.9 61h454c34.2 0 62.3-26.8 63.9-61l24.7-523H888c4.4 0 8-3.6 8-8v-32c0-17.7-14.3-32-32-32zM731.3 840H292.7l-24.2-512h487l-24.2 512z"
                  />
                </svg>
              </button>
            </td>
          </tr>
        </tbody>
      </table>
    </div>
  </div>
</div>
`;
