// Jest Snapshot v1, https://goo.gl/fbAQLP

exports[`<CartCheckoutDescription /> should render and match the snapshot 1`] = `
<div
  className="Wrapper-yoca5k-0 kBiCOS"
  id="list"
>
  <div
    className="cart_checkout"
  >
    <div
      className="header"
    >
      <div
        className="input-group"
      >
        <input
          className="form-control"
          id="seach"
          name="search"
          placeholder="Search"
          type="text"
        />
        <button
          aria-label={null}
          className="btn btn-secondary"
          onClick={[Function]}
        >
          <svg
            fill="currentColor"
            height="1em"
            stroke="currentColor"
            strokeWidth="0"
            style={
              Object {
                "color": undefined,
              }
            }
            viewBox="0 0 24 24"
            width="1em"
            xmlns="http://www.w3.org/2000/svg"
          >
            <path
              d="M19.023,16.977c-0.513-0.488-1.004-0.997-1.367-1.384c-0.372-0.378-0.596-0.653-0.596-0.653l-2.8-1.337 C15.34,12.37,16,10.763,16,9c0-3.859-3.14-7-7-7S2,5.141,2,9s3.14,7,7,7c1.763,0,3.37-0.66,4.603-1.739l1.337,2.8 c0,0,0.275,0.224,0.653,0.596c0.387,0.363,0.896,0.854,1.384,1.367c0.494,0.506,0.988,1.012,1.358,1.392 c0.362,0.388,0.604,0.646,0.604,0.646l2.121-2.121c0,0-0.258-0.242-0.646-0.604C20.035,17.965,19.529,17.471,19.023,16.977z M9,14 c-2.757,0-5-2.243-5-5s2.243-5,5-5s5,2.243,5,5S11.757,14,9,14z"
            />
          </svg>
        </button>
      </div>
      <div
        className="cart"
      >
        <div
          className="num_cont"
        >
          <svg
            fill="currentColor"
            height="1em"
            stroke="currentColor"
            strokeWidth="0"
            style={
              Object {
                "color": undefined,
              }
            }
            viewBox="0 0 512 512"
            width="1em"
            xmlns="http://www.w3.org/2000/svg"
          >
            <path
              d="M169.6 377.6c-22.882 0-41.6 18.718-41.6 41.601 0 22.882 18.718 41.6 41.6 41.6s41.601-18.718 41.601-41.6c-.001-22.884-18.72-41.601-41.601-41.601zM48 51.2v41.6h41.6l74.883 151.682-31.308 50.954c-3.118 5.2-5.2 12.482-5.2 19.765 0 27.85 19.025 41.6 44.825 41.6H416v-40H177.893c-3.118 0-5.2-2.082-5.2-5.2 0-1.036 2.207-5.2 2.207-5.2l20.782-32.8h154.954c15.601 0 29.128-8.317 36.4-21.836l74.882-128.8c1.237-2.461 2.082-6.246 2.082-10.399 0-11.446-9.364-19.765-20.8-19.765H135.364L115.6 51.2H48zm326.399 326.4c-22.882 0-41.6 18.718-41.6 41.601 0 22.882 18.718 41.6 41.6 41.6S416 442.082 416 419.2c0-22.883-18.719-41.6-41.601-41.6z"
            />
          </svg>
          <span
            className="no_item"
          >
            20
          </span>
        </div>
      </div>
    </div>
    <div
      className="table-responsive"
    >
      <table>
        <thead>
          <tr>
            <th>
              <span>
                Courses
              </span>
            </th>
            <th>
              <span>
                Price
              </span>
            </th>
            <th>
              <span>
                Remove
              </span>
            </th>
          </tr>
        </thead>
        <tbody>
          <tr>
            <td>
              <div
                className="detail"
              >
                <div
                  className="icon"
                >
                  <img
                    alt="Icon"
                    src="IMAGE_MOCK"
                  />
                </div>
                <div
                  className="desc"
                >
                  <div
                    className="title"
                  >
                    <span>
                      100 Days of code
                    </span>
                  </div>
                  <p>
                    <span>
                      Lorem Ipsum
                    </span>
                  </p>
                  <div
                    className="provider"
                  >
                    <span>
                      Provided By:
                    </span>
                     
                    <span>
                      Joel & Natalie Rivera
                    </span>
                  </div>
                </div>
              </div>
            </td>
            <td>
              $150.00
            </td>
            <td>
              <button
                aria-label={null}
                className="btn btn-secondary"
                onClick={[Function]}
              >
                <svg
                  fill="currentColor"
                  height="1em"
                  stroke="currentColor"
                  strokeWidth="0"
                  style={
                    Object {
                      "color": undefined,
                    }
                  }
                  viewBox="0 0 1024 1024"
                  width="1em"
                  xmlns="http://www.w3.org/2000/svg"
                >
                  <path
                    d="M360 184h-8c4.4 0 8-3.6 8-8v8h304v-8c0 4.4 3.6 8 8 8h-8v72h72v-80c0-35.3-28.7-64-64-64H352c-35.3 0-64 28.7-64 64v80h72v-72zm504 72H160c-17.7 0-32 14.3-32 32v32c0 4.4 3.6 8 8 8h60.4l24.7 523c1.6 34.1 29.8 61 63.9 61h454c34.2 0 62.3-26.8 63.9-61l24.7-523H888c4.4 0 8-3.6 8-8v-32c0-17.7-14.3-32-32-32zM731.3 840H292.7l-24.2-512h487l-24.2 512z"
                  />
                </svg>
              </button>
            </td>
          </tr>
          <tr>
            <td>
              <div
                className="detail"
              >
                <div
                  className="icon"
                >
                  <img
                    alt="Icon"
                    src="IMAGE_MOCK"
                  />
                </div>
                <div
                  className="desc"
                >
                  <div
                    className="title"
                  >
                    <span>
                      100 Days of code
                    </span>
                  </div>
                  <p>
                    <span>
                      Lorem Ipsum
                    </span>
                  </p>
                  <div
                    className="provider"
                  >
                    <span>
                      Provided By:
                    </span>
                     
                    <span>
                      Joel & Natalie Rivera
                    </span>
                  </div>
                </div>
              </div>
            </td>
            <td>
              $150.00
            </td>
            <td>
              <button
                aria-label={null}
                className="btn btn-secondary"
                onClick={[Function]}
              >
                <svg
                  fill="currentColor"
                  height="1em"
                  stroke="currentColor"
                  strokeWidth="0"
                  style={
                    Object {
                      "color": undefined,
                    }
                  }
                  viewBox="0 0 1024 1024"
                  width="1em"
                  xmlns="http://www.w3.org/2000/svg"
                >
                  <path
                    d="M360 184h-8c4.4 0 8-3.6 8-8v8h304v-8c0 4.4 3.6 8 8 8h-8v72h72v-80c0-35.3-28.7-64-64-64H352c-35.3 0-64 28.7-64 64v80h72v-72zm504 72H160c-17.7 0-32 14.3-32 32v32c0 4.4 3.6 8 8 8h60.4l24.7 523c1.6 34.1 29.8 61 63.9 61h454c34.2 0 62.3-26.8 63.9-61l24.7-523H888c4.4 0 8-3.6 8-8v-32c0-17.7-14.3-32-32-32zM731.3 840H292.7l-24.2-512h487l-24.2 512z"
                  />
                </svg>
              </button>
            </td>
          </tr>
          <tr>
            <td>
              <div
                className="detail"
              >
                <div
                  className="icon"
                >
                  <img
                    alt="Icon"
                    src="IMAGE_MOCK"
                  />
                </div>
                <div
                  className="desc"
                >
                  <div
                    className="title"
                  >
                    <span>
                      100 Days of code
                    </span>
                  </div>
                  <p>
                    <span>
                      Lorem Ipsum
                    </span>
                  </p>
                  <div
                    className="provider"
                  >
                    <span>
                      Provided By:
                    </span>
                     
                    <span>
                      Joel & Natalie Rivera
                    </span>
                  </div>
                </div>
              </div>
            </td>
            <td>
              $150.00
            </td>
            <td>
              <button
                aria-label={null}
                className="btn btn-secondary"
                onClick={[Function]}
              >
                <svg
                  fill="currentColor"
                  height="1em"
                  stroke="currentColor"
                  strokeWidth="0"
                  style={
                    Object {
                      "color": undefined,
                    }
                  }
                  viewBox="0 0 1024 1024"
                  width="1em"
                  xmlns="http://www.w3.org/2000/svg"
                >
                  <path
                    d="M360 184h-8c4.4 0 8-3.6 8-8v8h304v-8c0 4.4 3.6 8 8 8h-8v72h72v-80c0-35.3-28.7-64-64-64H352c-35.3 0-64 28.7-64 64v80h72v-72zm504 72H160c-17.7 0-32 14.3-32 32v32c0 4.4 3.6 8 8 8h60.4l24.7 523c1.6 34.1 29.8 61 63.9 61h454c34.2 0 62.3-26.8 63.9-61l24.7-523H888c4.4 0 8-3.6 8-8v-32c0-17.7-14.3-32-32-32zM731.3 840H292.7l-24.2-512h487l-24.2 512z"
                  />
                </svg>
              </button>
            </td>
          </tr>
          <tr>
            <td>
              <div
                className="detail"
              >
                <div
                  className="icon"
                >
                  <img
                    alt="Icon"
                    src="IMAGE_MOCK"
                  />
                </div>
                <div
                  className="desc"
                >
                  <div
                    className="title"
                  >
                    <span>
                      100 Days of code
                    </span>
                  </div>
                  <p>
                    <span>
                      Lorem Ipsum
                    </span>
                  </p>
                  <div
                    className="provider"
                  >
                    <span>
                      Provided By:
                    </span>
                     
                    <span>
                      Joel & Natalie Rivera
                    </span>
                  </div>
                </div>
              </div>
            </td>
            <td>
              $150.00
            </td>
            <td>
              <button
                aria-label={null}
                className="btn btn-secondary"
                onClick={[Function]}
              >
                <svg
                  fill="currentColor"
                  height="1em"
                  stroke="currentColor"
                  strokeWidth="0"
                  style={
                    Object {
                      "color": undefined,
                    }
                  }
                  viewBox="0 0 1024 1024"
                  width="1em"
                  xmlns="http://www.w3.org/2000/svg"
                >
                  <path
                    d="M360 184h-8c4.4 0 8-3.6 8-8v8h304v-8c0 4.4 3.6 8 8 8h-8v72h72v-80c0-35.3-28.7-64-64-64H352c-35.3 0-64 28.7-64 64v80h72v-72zm504 72H160c-17.7 0-32 14.3-32 32v32c0 4.4 3.6 8 8 8h60.4l24.7 523c1.6 34.1 29.8 61 63.9 61h454c34.2 0 62.3-26.8 63.9-61l24.7-523H888c4.4 0 8-3.6 8-8v-32c0-17.7-14.3-32-32-32zM731.3 840H292.7l-24.2-512h487l-24.2 512z"
                  />
                </svg>
              </button>
            </td>
          </tr>
          <tr>
            <td>
              <div
                className="detail"
              >
                <div
                  className="icon"
                >
                  <img
                    alt="Icon"
                    src="IMAGE_MOCK"
                  />
                </div>
                <div
                  className="desc"
                >
                  <div
                    className="title"
                  >
                    <span>
                      100 Days of code
                    </span>
                  </div>
                  <p>
                    <span>
                      Lorem Ipsum
                    </span>
                  </p>
                  <div
                    className="provider"
                  >
                    <span>
                      Provided By:
                    </span>
                     
                    <span>
                      Joel & Natalie Rivera
                    </span>
                  </div>
                </div>
              </div>
            </td>
            <td>
              $150.00
            </td>
            <td>
              <button
                aria-label={null}
                className="btn btn-secondary"
                onClick={[Function]}
              >
                <svg
                  fill="currentColor"
                  height="1em"
                  stroke="currentColor"
                  strokeWidth="0"
                  style={
                    Object {
                      "color": undefined,
                    }
                  }
                  viewBox="0 0 1024 1024"
                  width="1em"
                  xmlns="http://www.w3.org/2000/svg"
                >
                  <path
                    d="M360 184h-8c4.4 0 8-3.6 8-8v8h304v-8c0 4.4 3.6 8 8 8h-8v72h72v-80c0-35.3-28.7-64-64-64H352c-35.3 0-64 28.7-64 64v80h72v-72zm504 72H160c-17.7 0-32 14.3-32 32v32c0 4.4 3.6 8 8 8h60.4l24.7 523c1.6 34.1 29.8 61 63.9 61h454c34.2 0 62.3-26.8 63.9-61l24.7-523H888c4.4 0 8-3.6 8-8v-32c0-17.7-14.3-32-32-32zM731.3 840H292.7l-24.2-512h487l-24.2 512z"
                  />
                </svg>
              </button>
            </td>
          </tr>
        </tbody>
      </table>
    </div>
    <div
      className="footer"
    >
      <div
        className="sub_total"
      >
        <p>
          <span>
            Subtotal :
          </span>
           $4230
        </p>
      </div>
    </div>
  </div>
</div>
`;
