// Jest Snapshot v1, https://goo.gl/fbAQLP

exports[`<FinancialLiteracy /> should render and match the snapshot 1`] = `
<div
  className="Wrapper-naedyx-0 hTcsrt"
  id="services"
>
  <div
    className="container-xl"
  >
    <div
      className="row"
    >
      <div
        className="col-lg-12"
      >
        <div
          className="header"
        >
          <h4>
            <span>
              Financial Literacy
            </span>
          </h4>
          <a
            href="/"
            onClick={[Function]}
          >
            <span>
              View all
            </span>
          </a>
        </div>
      </div>
    </div>
    <div
      className="row"
    >
      <div
        className="col-12 col-sm-6 col-md-3 col-lg-3"
      >
        <div
          className="single_item"
        >
          <img
            alt="Accredited Education"
            src="IMAGE_MOCK"
          />
          <h5>
            <span>
              Accredited Education
            </span>
          </h5>
          <p>
            <span>
              Lorem ipsum vitea eros dictum, gravida massa id, pellentesque est.
            </span>
          </p>
          <a
            className="read_more"
            href="/"
            onClick={[Function]}
          >
            <span>
              Read more
            </span>
          </a>
        </div>
      </div>
      <div
        className="col-12 col-sm-6 col-md-3 col-lg-3"
      >
        <div
          className="single_item"
        >
          <img
            alt="Budgeting"
            src="IMAGE_MOCK"
          />
          <h5>
            <span>
              Budgeting
            </span>
          </h5>
          <p>
            <span>
              Lorem ipsum vitea eros dictum, gravida massa id, pellentesque est.
            </span>
          </p>
          <a
            className="read_more"
            href="/"
            onClick={[Function]}
          >
            <span>
              Read more
            </span>
          </a>
        </div>
      </div>
      <div
        className="col-12 col-sm-6 col-md-3 col-lg-3"
      >
        <div
          className="single_item"
        >
          <img
            alt="Credit Profile - What is credit?"
            src="IMAGE_MOCK"
          />
          <h5>
            <span>
              Credit Profile - What is credit?
            </span>
          </h5>
          <p>
            <span>
              Lorem ipsum vitea eros dictum, gravida massa id, pellentesque est.
            </span>
          </p>
          <a
            className="read_more"
            href="/"
            onClick={[Function]}
          >
            <span>
              Read more
            </span>
          </a>
        </div>
      </div>
      <div
        className="col-12 col-sm-6 col-md-3 col-lg-3"
      >
        <div
          className="single_item"
        >
          <img
            alt="Loans & Debt"
            src="IMAGE_MOCK"
          />
          <h5>
            <span>
              Loans & Debt
            </span>
          </h5>
          <p>
            <span>
              Lorem ipsum vitea eros dictum, gravida massa id, pellentesque est.
            </span>
          </p>
          <a
            className="read_more"
            href="/"
            onClick={[Function]}
          >
            <span>
              Read more
            </span>
          </a>
        </div>
      </div>
    </div>
  </div>
</div>
`;
