// Jest Snapshot v1, https://goo.gl/fbAQLP

exports[`<Header /> should render a div 1`] = `
<div
  class="Menubar-sc-1ahff97-0 jMmwoA"
>
  <nav
    class="navbar navbar-expand-lg"
  >
    <div
      class="container-xl"
    >
      <a
        href="/"
      >
        <img
          alt="FinLit"
          class="Img-sc-1g6ea67-0 gKEgHf"
          src="IMAGE_MOCK"
        />
      </a>
      <button
        aria-label="Toggle navigation"
        class="navbar-toggler"
        type="button"
      >
        <span
          class="navbar-toggler-icon"
        />
      </button>
      <div
        class="collapse navbar-collapse"
      >
        <ul
          class="navbar-nav"
        >
          <li
            class="dropdown nav-item"
          >
            <a
              aria-expanded="false"
              aria-haspopup="true"
              class="dropdown-toggle nav-link"
              href="#"
            >
              <span>
                Accredited Education
              </span>
            </a>
            <div
              aria-hidden="true"
              class="dropdown-menu dropdown-menu-right"
              role="menu"
              tabindex="-1"
            >
              <button
                class="dropdown-item"
                role="menuitem"
                tabindex="0"
                type="button"
              >
                <a
                  href="/accredited_education_list"
                >
                  <span>
                    Accredited Education
                  </span>
                </a>
              </button>
              <button
                class="dropdown-item"
                role="menuitem"
                tabindex="0"
                type="button"
              >
                <span>
                  Budgeting
                </span>
              </button>
              <button
                class="dropdown-item"
                role="menuitem"
                tabindex="0"
                type="button"
              >
                <span>
                  Goal Based Education
                </span>
              </button>
              <div
                class="dropdown-divider"
                tabindex="-1"
              />
              <button
                class="dropdown-item"
                role="menuitem"
                tabindex="0"
                type="button"
              >
                <span>
                  Loans & Debt
                </span>
              </button>
            </div>
          </li>
          <li
            class="dropdown nav-item"
          >
            <a
              aria-expanded="false"
              aria-haspopup="true"
              class="dropdown-toggle nav-link"
              href="#"
            >
              <span>
                Short Videos
              </span>
            </a>
            <div
              aria-hidden="true"
              class="dropdown-menu dropdown-menu-right"
              role="menu"
              tabindex="-1"
            >
              <button
                class="dropdown-item"
                role="menuitem"
                tabindex="0"
                type="button"
              >
                <span>
                  Accredited Education
                </span>
              </button>
              <button
                class="dropdown-item"
                role="menuitem"
                tabindex="0"
                type="button"
              >
                <span>
                  Budgeting
                </span>
              </button>
              <button
                class="dropdown-item"
                role="menuitem"
                tabindex="0"
                type="button"
              >
                <span>
                  Goal Based Education
                </span>
              </button>
              <div
                class="dropdown-divider"
                tabindex="-1"
              />
              <button
                class="dropdown-item"
                role="menuitem"
                tabindex="0"
                type="button"
              >
                <span>
                  Loans & Debt
                </span>
              </button>
            </div>
          </li>
          <li
            class="dropdown nav-item"
          >
            <a
              aria-expanded="false"
              aria-haspopup="true"
              class="dropdown-toggle nav-link"
              href="#"
            >
              <span>
                Live Webinars
              </span>
            </a>
            <div
              aria-hidden="true"
              class="dropdown-menu dropdown-menu-right"
              role="menu"
              tabindex="-1"
            >
              <button
                class="dropdown-item"
                role="menuitem"
                tabindex="0"
                type="button"
              >
                <span>
                  Accredited Education
                </span>
              </button>
              <button
                class="dropdown-item"
                role="menuitem"
                tabindex="0"
                type="button"
              >
                <span>
                  Budgeting
                </span>
              </button>
              <button
                class="dropdown-item"
                role="menuitem"
                tabindex="0"
                type="button"
              >
                <span>
                  Goal Based Education
                </span>
              </button>
              <div
                class="dropdown-divider"
                tabindex="-1"
              />
              <button
                class="dropdown-item"
                role="menuitem"
                tabindex="0"
                type="button"
              >
                <span>
                  Loans & Debt
                </span>
              </button>
            </div>
          </li>
          <li
            class="dropdown nav-item"
          >
            <a
              aria-expanded="false"
              aria-haspopup="true"
              class="dropdown-toggle nav-link"
              href="#"
            >
              <span>
                Goal Based Education
              </span>
            </a>
            <div
              aria-hidden="true"
              class="dropdown-menu dropdown-menu-right"
              role="menu"
              tabindex="-1"
            >
              <button
                class="dropdown-item"
                role="menuitem"
                tabindex="0"
                type="button"
              >
                <span>
                  Accredited Education
                </span>
              </button>
              <button
                class="dropdown-item"
                role="menuitem"
                tabindex="0"
                type="button"
              >
                <span>
                  Budgeting
                </span>
              </button>
              <button
                class="dropdown-item"
                role="menuitem"
                tabindex="0"
                type="button"
              >
                <span>
                  Goal Based Education
                </span>
              </button>
              <div
                class="dropdown-divider"
                tabindex="-1"
              />
              <button
                class="dropdown-item"
                role="menuitem"
                tabindex="0"
                type="button"
              >
                <span>
                  Loans & Debt
                </span>
              </button>
            </div>
          </li>
          <li
            class="dropdown nav-item"
          >
            <a
              aria-expanded="false"
              aria-haspopup="true"
              class="dropdown-toggle nav-link"
              href="#"
            >
              <span>
                Free Gifts & Rewards
              </span>
            </a>
            <div
              aria-hidden="true"
              class="dropdown-menu dropdown-menu-right"
              role="menu"
              tabindex="-1"
            >
              <button
                class="dropdown-item"
                role="menuitem"
                tabindex="0"
                type="button"
              >
                <span>
                  Accredited Education
                </span>
              </button>
              <button
                class="dropdown-item"
                role="menuitem"
                tabindex="0"
                type="button"
              >
                <span>
                  Budgeting
                </span>
              </button>
              <button
                class="dropdown-item"
                role="menuitem"
                tabindex="0"
                type="button"
              >
                <span>
                  Goal Based Education
                </span>
              </button>
              <div
                class="dropdown-divider"
                tabindex="-1"
              />
              <button
                class="dropdown-item"
                role="menuitem"
                tabindex="0"
                type="button"
              >
                <span>
                  Loans & Debt
                </span>
              </button>
            </div>
          </li>
        </ul>
        <div
          class="registration"
        >
          <ul
            class="navbar-nav"
          >
            <li
              class="nav-item"
            >
              <a
                class="nav-link"
                href="/login"
              >
                <span>
                  Log in
                </span>
              </a>
            </li>
            <li
              class="nav-item"
            >
              <a
                class="nav-link"
                href="/signup"
              >
                <span>
                  Sign up
                </span>
              </a>
            </li>
          </ul>
        </div>
      </div>
    </div>
  </nav>
</div>
`;
