// Jest Snapshot v1, https://goo.gl/fbAQLP

exports[`<ArticleSidebar /> should render and match the snapshot 1`] = `
<div
  className="row"
>
  <div
    className="col-lg-12"
  >
    <div
      className="Wrapper-sc-1o9vpfe-0 bthhWT"
    >
      <h4>
        <span>
          Top Recent Posts
        </span>
        <span
          className="btm_line"
        />
      </h4>
      <div
        className="input-group"
      >
        <input
          className="form-control"
          id="seach"
          name="search"
          placeholder="Search"
          type="text"
        />
        <button
          aria-label={null}
          className="btn btn-secondary"
          onClick={[Function]}
        >
          <svg
            fill="currentColor"
            height="1em"
            stroke="currentColor"
            strokeWidth="0"
            style={
              Object {
                "color": undefined,
              }
            }
            viewBox="0 0 24 24"
            width="1em"
            xmlns="http://www.w3.org/2000/svg"
          >
            <path
              d="M19.023,16.977c-0.513-0.488-1.004-0.997-1.367-1.384c-0.372-0.378-0.596-0.653-0.596-0.653l-2.8-1.337 C15.34,12.37,16,10.763,16,9c0-3.859-3.14-7-7-7S2,5.141,2,9s3.14,7,7,7c1.763,0,3.37-0.66,4.603-1.739l1.337,2.8 c0,0,0.275,0.224,0.653,0.596c0.387,0.363,0.896,0.854,1.384,1.367c0.494,0.506,0.988,1.012,1.358,1.392 c0.362,0.388,0.604,0.646,0.604,0.646l2.121-2.121c0,0-0.258-0.242-0.646-0.604C20.035,17.965,19.529,17.471,19.023,16.977z M9,14 c-2.757,0-5-2.243-5-5s2.243-5,5-5s5,2.243,5,5S11.757,14,9,14z"
            />
          </svg>
        </button>
      </div>
    </div>
    <div
      className="Wrapper-sc-1o9vpfe-0 bthhWT"
    >
      <h4>
        <span>
          Top Recent Posts
        </span>
        <span
          className="btm_line"
        />
      </h4>
      <ul>
        <li>
          <a
            href="/"
            onClick={[Function]}
          >
            <span>
              Hiring Hacks: How to Recruit the Perfect Employee
            </span>
          </a>
        </li>
        <li>
          <a
            href="/"
            onClick={[Function]}
          >
            <span>
              Hiring Hacks: How to Recruit the Perfect Employee
            </span>
          </a>
        </li>
        <li>
          <a
            href="/"
            onClick={[Function]}
          >
            <span>
              Hiring Hacks: How to Recruit the Perfect Employee
            </span>
          </a>
        </li>
        <li>
          <a
            href="/"
            onClick={[Function]}
          >
            <span>
              Hiring Hacks: How to Recruit the Perfect Employee
            </span>
          </a>
        </li>
        <li>
          <a
            href="/"
            onClick={[Function]}
          >
            <span>
              Hiring Hacks: How to Recruit the Perfect Employee
            </span>
          </a>
        </li>
        <li>
          <a
            href="/"
            onClick={[Function]}
          >
            <span>
              Hiring Hacks: How to Recruit the Perfect Employee
            </span>
          </a>
        </li>
      </ul>
    </div>
  </div>
</div>
`;
