// Jest Snapshot v1, https://goo.gl/fbAQLP

exports[`SigninPage /> should render its heading 1`] = `
<div
  class="registration_page"
>
  <div
    class="form_container"
  >
    <div
      class="form_content"
    >
      <h2>
        <span>
          Welcome Back
        </span>
      </h2>
      <div
        class="form"
      >
        <div
          class="form-group"
        >
          <label
            class=""
            for="email"
          >
            <span>
              Email Address
            </span>
          </label>
          <input
            class="form-control"
            id="email"
            name="email"
            placeholder="Your email"
            type="email"
          />
        </div>
        <div
          class="form-group"
        >
          <label
            class=""
            for="password"
          >
            <span>
              Password
            </span>
          </label>
          <input
            class="form-control"
            id="password"
            name="password"
            placeholder="******"
            type="password"
          />
        </div>
        <div
          class="remember_forgot"
        >
          <div
            class="form-check"
          >
            <label
              class="form-check-label"
            >
              <input
                class="form-check-input"
                type="checkbox"
              />
              <span>
                Remember me
              </span>
            </label>
          </div>
          <a
            href="/"
          >
            <span>
              Forgot Password?
            </span>
          </a>
        </div>
        
        <button
          class="btn btn-secondary"
          type="button"
        >
          <span>
            Log in
          </span>
        </button>
        <div
          class="reg_footer"
        >
          <p>
            <span>
              Don't have account?
            </span>
            Â 
            <a
              href="/signup"
            >
              <span>
                Create an account
              </span>
            </a>
          </p>
        </div>
      </div>
    </div>
  </div>
  <div
    class="img_container"
  />
</div>
`;
