// Jest Snapshot v1, https://goo.gl/fbAQLP

exports[`<App /> should render and match the snapshot 1`] = `
<ForwardRef>
  <HelmetWrapper
    defaultTitle="FinLit"
    defer={true}
    encodeSpecialCharacters={true}
    titleTemplate="FinLit %s"
  >
    <meta
      content="FinLit"
      name="description"
    />
  </HelmetWrapper>
  <Header />
  <Switch>
    <Route
      component={[Function]}
      exact={true}
      path="/"
    />
    <Route
      component={[Function]}
      path="/features"
    />
    <Route
      component={[Function]}
      path="/accredited_education_list"
    />
    <Route
      component={[Function]}
      path="/live_webinars_list"
    />
    <Route
      component={[Function]}
      path="/bootcamp_list"
    />
    <Route
      component={[Function]}
      path="/hackathon_list"
    />
    <Route
      component={[Function]}
      path="/live_session_list"
    />
    <Route
      component={[Function]}
      path="/article_details"
    />
    <Route
      component={[Function]}
      path="/cart_checkout"
    />
    <Route
      component={[Function]}
      path="/login"
    />
    <Route
      component={[Function]}
      path="/signup"
    />
    <Route
      component={[Function]}
      path="/forgot_password"
    />
    <Route
      component={[Function]}
      path="/create_new_password"
    />
    <Route
      component={[Function]}
      path=""
    />
  </Switch>
  <Footer />
  <GlobalStyleComponent />
</ForwardRef>
`;
