// Jest Snapshot v1, https://goo.gl/fbAQLP

exports[`<HackathonSidebar /> should render and match the snapshot 1`] = `
<div
  className="Wrapper-sc-1py71q8-0 coGmPC"
>
  <div
    className="sidebar"
  >
    <div
      className="intro"
    >
      <div
        className="top_detail"
      >
        <div
          className="prices"
        >
          <h4>
            $44.99
          </h4>
          <div
            className="old_price"
          >
            <del>
              $100
            </del>
            <span>
              50% off
            </span>
          </div>
        </div>
        <button
          aria-label={null}
          className="add_cart btn btn-secondary"
          onClick={[Function]}
        >
          <span
            className="icon"
          >
            <svg
              fill="currentColor"
              height="1em"
              stroke="currentColor"
              strokeWidth="0"
              style={
                Object {
                  "color": undefined,
                }
              }
              viewBox="0 0 24 24"
              width="1em"
              xmlns="http://www.w3.org/2000/svg"
            >
              <path
                d="M5,5 L22,5 L20,14 L7,14 L4,2 L0,2 M7,14 L8,18 L21,18 M19,23 C18.4475,23 18,22.5525 18,22 C18,21.4475 18.4475,21 19,21 C19.5525,21 20,21.4475 20,22 C20,22.5525 19.5525,23 19,23 Z M9,23 C8.4475,23 8,22.5525 8,22 C8,21.4475 8.4475,21 9,21 C9.5525,21 10,21.4475 10,22 C10,22.5525 9.5525,23 9,23 Z"
                fill="none"
                stroke="#000"
                strokeWidth="2"
              />
            </svg>
          </span>
          <span
            className="text"
          >
            <span>
              Add to Cart
            </span>
          </span>
        </button>
        <button
          aria-label={null}
          className="enroll_now btn btn-secondary"
          onClick={[Function]}
        >
          <span
            className="icon"
          >
            <svg
              fill="none"
              height="1em"
              stroke="currentColor"
              strokeWidth="0"
              style={
                Object {
                  "color": undefined,
                }
              }
              viewBox="0 0 24 24"
              width="1em"
              xmlns="http://www.w3.org/2000/svg"
            >
              <path
                d="M17 8l4 4m0 0l-4 4m4-4H3"
                strokeLinecap="round"
                strokeLinejoin="round"
                strokeWidth="2"
              />
            </svg>
          </span>
          <span
            className="text"
          >
            <span>
              Enroll Now
            </span>
          </span>
        </button>
      </div>
      <div
        className="details"
      >
        <h4>
          <span>
            This course includes
          </span>
        </h4>
        <ul
          className="list"
        >
          <li>
            <svg
              fill="currentColor"
              height="1em"
              stroke="currentColor"
              strokeWidth="0"
              style={
                Object {
                  "color": undefined,
                }
              }
              viewBox="0 0 24 24"
              width="1em"
              xmlns="http://www.w3.org/2000/svg"
            >
              <path
                d="M12,22 C17.5228475,22 22,17.5228475 22,12 C22,6.4771525 17.5228475,2 12,2 C6.4771525,2 2,6.4771525 2,12 C2,17.5228475 6.4771525,22 12,22 Z M9.5,15.5 L15.5,12 L9.5,8.5 L9.5,15.5 Z M10.5,13.5 L12.5,12 L10.5,10.5 L10.5,13.5 Z"
                fill="none"
                stroke="#000"
                strokeWidth="2"
              />
            </svg>
            <p>
              2 hours
            </p>
          </li>
          <li>
            <svg
              fill="currentColor"
              height="1em"
              stroke="currentColor"
              strokeWidth="0"
              style={
                Object {
                  "color": undefined,
                }
              }
              viewBox="0 0 16 16"
              width="1em"
              xmlns="http://www.w3.org/2000/svg"
            >
              <path
                d="M15.2 2.09L10 5.72V3c0-.55-.45-1-1-1H1c-.55 0-1 .45-1 1v9c0 .55.45 1 1 1h8c.55 0 1-.45 1-1V9.28l5.2 3.63c.33.23.8 0 .8-.41v-10c0-.41-.47-.64-.8-.41z"
                fillRule="evenodd"
              />
            </svg>
            <p>
              8 Lectures
            </p>
          </li>
          <li>
            <svg
              fill="currentColor"
              height="1em"
              stroke="currentColor"
              strokeWidth="0"
              style={
                Object {
                  "color": undefined,
                }
              }
              viewBox="0 0 20 20"
              width="1em"
              xmlns="http://www.w3.org/2000/svg"
            >
              <path
                clipRule="evenodd"
                d="M10 9a3 3 0 100-6 3 3 0 000 6zm-7 9a7 7 0 1114 0H3z"
                fillRule="evenodd"
              />
            </svg>
            <p>
              1200 Enroll
            </p>
          </li>
          <li>
            <svg
              fill="currentColor"
              height="1em"
              stroke="currentColor"
              strokeWidth="0"
              style={
                Object {
                  "color": undefined,
                }
              }
              viewBox="0 0 24 24"
              width="1em"
              xmlns="http://www.w3.org/2000/svg"
            >
              <path
                d="M12,2C6.486,2,2,6.486,2,12s4.486,10,10,10s10-4.486,10-10S17.514,2,12,2z M12,20c-4.411,0-8-3.589-8-8s3.589-8,8-8 s8,3.589,8,8S16.411,20,12,20z"
              />
              <path
                d="M13 7L11 7 11 12.414 14.293 15.707 15.707 14.293 13 11.586z"
              />
            </svg>
            <p>
              Full lifetime access
            </p>
          </li>
          <li>
            <svg
              fill="currentColor"
              height="1em"
              stroke="currentColor"
              strokeWidth="0"
              style={
                Object {
                  "color": undefined,
                }
              }
              viewBox="0 0 384 512"
              width="1em"
              xmlns="http://www.w3.org/2000/svg"
            >
              <path
                d="M97.12 362.63c-8.69-8.69-4.16-6.24-25.12-11.85-9.51-2.55-17.87-7.45-25.43-13.32L1.2 448.7c-4.39 10.77 3.81 22.47 15.43 22.03l52.69-2.01L105.56 507c8 8.44 22.04 5.81 26.43-4.96l52.05-127.62c-10.84 6.04-22.87 9.58-35.31 9.58-19.5 0-37.82-7.59-51.61-21.37zM382.8 448.7l-45.37-111.24c-7.56 5.88-15.92 10.77-25.43 13.32-21.07 5.64-16.45 3.18-25.12 11.85-13.79 13.78-32.12 21.37-51.62 21.37-12.44 0-24.47-3.55-35.31-9.58L252 502.04c4.39 10.77 18.44 13.4 26.43 4.96l36.25-38.28 52.69 2.01c11.62.44 19.82-11.27 15.43-22.03zM263 340c15.28-15.55 17.03-14.21 38.79-20.14 13.89-3.79 24.75-14.84 28.47-28.98 7.48-28.4 5.54-24.97 25.95-45.75 10.17-10.35 14.14-25.44 10.42-39.58-7.47-28.38-7.48-24.42 0-52.83 3.72-14.14-.25-29.23-10.42-39.58-20.41-20.78-18.47-17.36-25.95-45.75-3.72-14.14-14.58-25.19-28.47-28.98-27.88-7.61-24.52-5.62-44.95-26.41-10.17-10.35-25-14.4-38.89-10.61-27.87 7.6-23.98 7.61-51.9 0-13.89-3.79-28.72.25-38.89 10.61-20.41 20.78-17.05 18.8-44.94 26.41-13.89 3.79-24.75 14.84-28.47 28.98-7.47 28.39-5.54 24.97-25.95 45.75-10.17 10.35-14.15 25.44-10.42 39.58 7.47 28.36 7.48 24.4 0 52.82-3.72 14.14.25 29.23 10.42 39.59 20.41 20.78 18.47 17.35 25.95 45.75 3.72 14.14 14.58 25.19 28.47 28.98C104.6 325.96 106.27 325 121 340c13.23 13.47 33.84 15.88 49.74 5.82a39.676 39.676 0 0 1 42.53 0c15.89 10.06 36.5 7.65 49.73-5.82zM97.66 175.96c0-53.03 42.24-96.02 94.34-96.02s94.34 42.99 94.34 96.02-42.24 96.02-94.34 96.02-94.34-42.99-94.34-96.02z"
              />
            </svg>
            <p>
              Certificate of completion
            </p>
          </li>
        </ul>
      </div>
    </div>
    <div
      className="course_status"
    >
      <div
        className="progress_chart"
      >
        <div
          className="progress_time"
        >
          <h4>
            Course Progress
          </h4>
          <p>
            Expend time 8.3hr
          </p>
        </div>
        <div
          className="chart"
        >
          <img
            alt="chart"
            height="100%"
            src="https://cdn.discordapp.com/attachments/548125906472796170/905387362706681866/unknown.png"
            width="100%"
          />
        </div>
      </div>
      <div
        className="progress_session"
      >
        <div
          className="session"
        >
          <p>
            Session 1 progress
          </p>
          <p>
            50/100
          </p>
        </div>
        <div
          className="progress_bar"
        >
          <div
            className="progress"
            style={Object {}}
          >
            <div
              aria-valuemax={100}
              aria-valuemin={0}
              aria-valuenow={50}
              className="progress-bar"
              role="progressbar"
              style={
                Object {
                  "width": "50%",
                }
              }
            />
          </div>
        </div>
      </div>
      <div
        className="quiz"
      >
        <div
          className="inner_box"
        >
          <div
            className="title"
          >
            <h6>
              Quiz 1
            </h6>
          </div>
          <div
            className="quiz_box"
          >
            <h6>
              The acronym PC stands for?
            </h6>
            <ul>
              <li>
                <div
                  className="form-check"
                >
                  <label
                    className="form-check-label"
                  >
                    <input
                      className="form-check-input"
                      name="radio1"
                      onChange={[Function]}
                      type="radio"
                      value="radio1"
                    />
                     
                    <div
                      className="check_mark"
                    >
                      <span>
                        1
                      </span>
                      <svg
                        fill="none"
                        height="1em"
                        stroke="currentColor"
                        strokeLinecap="round"
                        strokeLinejoin="round"
                        strokeWidth="2"
                        style={
                          Object {
                            "color": undefined,
                          }
                        }
                        viewBox="0 0 24 24"
                        width="1em"
                        xmlns="http://www.w3.org/2000/svg"
                      >
                        <polyline
                          points="20 6 9 17 4 12"
                        />
                      </svg>
                    </div>
                    <p>
                      Private Computer
                    </p>
                  </label>
                </div>
              </li>
              <li>
                <div
                  className="form-check"
                >
                  <label
                    className="form-check-label"
                  >
                    <input
                      className="form-check-input"
                      name="radio2"
                      onChange={[Function]}
                      type="radio"
                      value="radio2"
                    />
                     
                    <div
                      className="check_mark"
                    >
                      <span>
                        2
                      </span>
                      <svg
                        fill="none"
                        height="1em"
                        stroke="currentColor"
                        strokeLinecap="round"
                        strokeLinejoin="round"
                        strokeWidth="2"
                        style={
                          Object {
                            "color": undefined,
                          }
                        }
                        viewBox="0 0 24 24"
                        width="1em"
                        xmlns="http://www.w3.org/2000/svg"
                      >
                        <polyline
                          points="20 6 9 17 4 12"
                        />
                      </svg>
                    </div>
                    <p>
                      Personal Computer
                    </p>
                  </label>
                </div>
              </li>
              <li>
                <div
                  className="form-check"
                >
                  <label
                    className="form-check-label"
                  >
                    <input
                      className="form-check-input"
                      name="radio3"
                      onChange={[Function]}
                      type="radio"
                      value="radio3"
                    />
                     
                    <div
                      className="check_mark"
                    >
                      <span>
                        3
                      </span>
                      <svg
                        fill="none"
                        height="1em"
                        stroke="currentColor"
                        strokeLinecap="round"
                        strokeLinejoin="round"
                        strokeWidth="2"
                        style={
                          Object {
                            "color": undefined,
                          }
                        }
                        viewBox="0 0 24 24"
                        width="1em"
                        xmlns="http://www.w3.org/2000/svg"
                      >
                        <polyline
                          points="20 6 9 17 4 12"
                        />
                      </svg>
                    </div>
                    <p>
                      Personal Compact
                    </p>
                  </label>
                </div>
              </li>
            </ul>
          </div>
        </div>
        <div
          className="quiz_step"
        >
          <p>
            Question 1 of 3
          </p>
          <button
            aria-label={null}
            className="btn_next btn btn-secondary"
            onClick={[Function]}
            type="button"
          >
            Next
          </button>
        </div>
      </div>
    </div>
  </div>
  <div
    className="Toastify"
  />
</div>
`;
