// Jest Snapshot v1, https://goo.gl/fbAQLP

exports[`<MyProfile /> should render and match the snapshot 1`] = `
<div
  className="Wrapper-dkaeq7-0 iQVOlL"
>
  <h1>
    <span>
      My Profile
    </span>
  </h1>
</div>
`;
