// Jest Snapshot v1, https://goo.gl/fbAQLP

exports[`<Footer /> should render and match the snapshot 1`] = `
<footer
  className="Wrapper-wcfdfo-0 emesCB"
  id="footer"
>
  <div
    className="container-xl"
  >
    <div
      className="row"
    >
      <div
        className="col-sm-12 col-md-4 col-lg-5"
      >
        <div
          className="copyright_social"
        >
          <div
            className="copyright"
          >
            <p>
              <span>
                &copy; 2021 FinLit Inc. All rights reserved.
              </span>
            </p>
          </div>
          <ul
            className="social-links"
          >
            <li>
              <a
                className="A-br8h0y-0 csViMx"
                href="/"
                target="_blank"
                type="text/html"
              >
                <svg
                  fill="currentColor"
                  height="1em"
                  stroke="currentColor"
                  strokeWidth="0"
                  style={
                    Object {
                      "color": undefined,
                    }
                  }
                  viewBox="0 0 448 512"
                  width="1em"
                  xmlns="http://www.w3.org/2000/svg"
                >
                  <path
                    d="M400 32H48A48 48 0 0 0 0 80v352a48 48 0 0 0 48 48h137.25V327.69h-63V256h63v-54.64c0-62.15 37-96.48 93.67-96.48 27.14 0 55.52 4.84 55.52 4.84v61h-31.27c-30.81 0-40.42 19.12-40.42 38.73V256h68.78l-11 71.69h-57.78V480H400a48 48 0 0 0 48-48V80a48 48 0 0 0-48-48z"
                  />
                </svg>
              </a>
            </li>
            <li>
              <a
                className="A-br8h0y-0 csViMx"
                href="/"
                target="_blank"
                type="text/html"
              >
                <svg
                  fill="currentColor"
                  height="1em"
                  stroke="currentColor"
                  strokeWidth="0"
                  style={
                    Object {
                      "color": undefined,
                    }
                  }
                  viewBox="0 0 448 512"
                  width="1em"
                  xmlns="http://www.w3.org/2000/svg"
                >
                  <path
                    d="M416 32H31.9C14.3 32 0 46.5 0 64.3v383.4C0 465.5 14.3 480 31.9 480H416c17.6 0 32-14.5 32-32.3V64.3c0-17.8-14.4-32.3-32-32.3zM135.4 416H69V202.2h66.5V416zm-33.2-243c-21.3 0-38.5-17.3-38.5-38.5S80.9 96 102.2 96c21.2 0 38.5 17.3 38.5 38.5 0 21.3-17.2 38.5-38.5 38.5zm282.1 243h-66.4V312c0-24.8-.5-56.7-34.5-56.7-34.6 0-39.9 27-39.9 54.9V416h-66.4V202.2h63.7v29.2h.9c8.9-16.8 30.6-34.5 62.9-34.5 67.2 0 79.7 44.3 79.7 101.9V416z"
                  />
                </svg>
              </a>
            </li>
            <li>
              <a
                className="A-br8h0y-0 csViMx"
                href="/"
                target="_blank"
                type="text/html"
              >
                <svg
                  fill="currentColor"
                  height="1em"
                  stroke="currentColor"
                  strokeWidth="0"
                  style={
                    Object {
                      "color": undefined,
                    }
                  }
                  viewBox="0 0 576 512"
                  width="1em"
                  xmlns="http://www.w3.org/2000/svg"
                >
                  <path
                    d="M549.655 124.083c-6.281-23.65-24.787-42.276-48.284-48.597C458.781 64 288 64 288 64S117.22 64 74.629 75.486c-23.497 6.322-42.003 24.947-48.284 48.597-11.412 42.867-11.412 132.305-11.412 132.305s0 89.438 11.412 132.305c6.281 23.65 24.787 41.5 48.284 47.821C117.22 448 288 448 288 448s170.78 0 213.371-11.486c23.497-6.321 42.003-24.171 48.284-47.821 11.412-42.867 11.412-132.305 11.412-132.305s0-89.438-11.412-132.305zm-317.51 213.508V175.185l142.739 81.205-142.739 81.201z"
                  />
                </svg>
              </a>
            </li>
            <li>
              <a
                className="A-br8h0y-0 csViMx"
                href="/"
                target="_blank"
                type="text/html"
              >
                <svg
                  fill="currentColor"
                  height="1em"
                  stroke="currentColor"
                  strokeWidth="0"
                  style={
                    Object {
                      "color": undefined,
                    }
                  }
                  viewBox="0 0 448 512"
                  width="1em"
                  xmlns="http://www.w3.org/2000/svg"
                >
                  <path
                    d="M424.7 299.8c2.9-14 4.7-28.9 4.7-43.8 0-113.5-91.9-205.3-205.3-205.3-14.9 0-29.7 1.7-43.8 4.7C161.3 40.7 137.7 32 112 32 50.2 32 0 82.2 0 144c0 25.7 8.7 49.3 23.3 68.2-2.9 14-4.7 28.9-4.7 43.8 0 113.5 91.9 205.3 205.3 205.3 14.9 0 29.7-1.7 43.8-4.7 19 14.6 42.6 23.3 68.2 23.3 61.8 0 112-50.2 112-112 .1-25.6-8.6-49.2-23.2-68.1zm-194.6 91.5c-65.6 0-120.5-29.2-120.5-65 0-16 9-30.6 29.5-30.6 31.2 0 34.1 44.9 88.1 44.9 25.7 0 42.3-11.4 42.3-26.3 0-18.7-16-21.6-42-28-62.5-15.4-117.8-22-117.8-87.2 0-59.2 58.6-81.1 109.1-81.1 55.1 0 110.8 21.9 110.8 55.4 0 16.9-11.4 31.8-30.3 31.8-28.3 0-29.2-33.5-75-33.5-25.7 0-42 7-42 22.5 0 19.8 20.8 21.8 69.1 33 41.4 9.3 90.7 26.8 90.7 77.6 0 59.1-57.1 86.5-112 86.5z"
                  />
                </svg>
              </a>
            </li>
          </ul>
        </div>
      </div>
      <div
        className="col-sm-12 col-md-8 col-lg-7"
      >
        <ul
          className="footer_links"
        >
          <li>
            <a
              href="/features"
              onClick={[Function]}
            >
              <span>
                Category
              </span>
            </a>
          </li>
          <li>
            <a
              href="/"
              onClick={[Function]}
            >
              <span>
                About Company
              </span>
            </a>
          </li>
          <li>
            <a
              href="/"
              onClick={[Function]}
            >
              <span>
                Terms
              </span>
            </a>
          </li>
          <li>
            <a
              href="/"
              onClick={[Function]}
            >
              <span>
                Privacy Policy
              </span>
            </a>
          </li>
          <li>
            <a
              href="/"
              onClick={[Function]}
            >
              <span>
                Help Center
              </span>
            </a>
          </li>
          <li>
            <a
              href="/"
              onClick={[Function]}
            >
              <span>
                Contact us
              </span>
            </a>
          </li>
        </ul>
      </div>
    </div>
  </div>
</footer>
`;
