// Jest Snapshot v1, https://goo.gl/fbAQLP

exports[`<CartCheckout /> should render its heading 1`] = `
<div
  class="sub_pages"
>
  <div
    class="container-xl"
  >
    <div
      class="row"
    >
      <div
        class="col-sm-12 col-md-7 col-lg-8"
      >
        <div
          class="Wrapper-yoca5k-0 kBiCOS"
          id="list"
        >
          <div
            class="cart_checkout"
          >
            <div
              class="header"
            >
              <div
                class="input-group"
              >
                <input
                  class="form-control"
                  id="seach"
                  name="search"
                  placeholder="Search"
                  type="text"
                />
                <button
                  class="btn btn-secondary"
                >
                  <svg
                    fill="currentColor"
                    height="1em"
                    stroke="currentColor"
                    stroke-width="0"
                    viewBox="0 0 24 24"
                    width="1em"
                    xmlns="http://www.w3.org/2000/svg"
                  >
                    <path
                      d="M19.023,16.977c-0.513-0.488-1.004-0.997-1.367-1.384c-0.372-0.378-0.596-0.653-0.596-0.653l-2.8-1.337 C15.34,12.37,16,10.763,16,9c0-3.859-3.14-7-7-7S2,5.141,2,9s3.14,7,7,7c1.763,0,3.37-0.66,4.603-1.739l1.337,2.8 c0,0,0.275,0.224,0.653,0.596c0.387,0.363,0.896,0.854,1.384,1.367c0.494,0.506,0.988,1.012,1.358,1.392 c0.362,0.388,0.604,0.646,0.604,0.646l2.121-2.121c0,0-0.258-0.242-0.646-0.604C20.035,17.965,19.529,17.471,19.023,16.977z M9,14 c-2.757,0-5-2.243-5-5s2.243-5,5-5s5,2.243,5,5S11.757,14,9,14z"
                    />
                  </svg>
                </button>
              </div>
              <div
                class="cart"
              >
                <div
                  class="num_cont"
                >
                  <svg
                    fill="currentColor"
                    height="1em"
                    stroke="currentColor"
                    stroke-width="0"
                    viewBox="0 0 512 512"
                    width="1em"
                    xmlns="http://www.w3.org/2000/svg"
                  >
                    <path
                      d="M169.6 377.6c-22.882 0-41.6 18.718-41.6 41.601 0 22.882 18.718 41.6 41.6 41.6s41.601-18.718 41.601-41.6c-.001-22.884-18.72-41.601-41.601-41.601zM48 51.2v41.6h41.6l74.883 151.682-31.308 50.954c-3.118 5.2-5.2 12.482-5.2 19.765 0 27.85 19.025 41.6 44.825 41.6H416v-40H177.893c-3.118 0-5.2-2.082-5.2-5.2 0-1.036 2.207-5.2 2.207-5.2l20.782-32.8h154.954c15.601 0 29.128-8.317 36.4-21.836l74.882-128.8c1.237-2.461 2.082-6.246 2.082-10.399 0-11.446-9.364-19.765-20.8-19.765H135.364L115.6 51.2H48zm326.399 326.4c-22.882 0-41.6 18.718-41.6 41.601 0 22.882 18.718 41.6 41.6 41.6S416 442.082 416 419.2c0-22.883-18.719-41.6-41.601-41.6z"
                    />
                  </svg>
                  <span
                    class="no_item"
                  >
                    20
                  </span>
                </div>
              </div>
            </div>
            <div
              class="table-responsive"
            >
              <table>
                <thead>
                  <tr>
                    <th>
                      <span>
                        Courses
                      </span>
                    </th>
                    <th>
                      <span>
                        Price
                      </span>
                    </th>
                    <th>
                      <span>
                        Remove
                      </span>
                    </th>
                  </tr>
                </thead>
                <tbody>
                  <tr>
                    <td>
                      <div
                        class="detail"
                      >
                        <div
                          class="icon"
                        >
                          <img
                            alt="Icon"
                            src="IMAGE_MOCK"
                          />
                        </div>
                        <div
                          class="desc"
                        >
                          <div
                            class="title"
                          >
                            <span>
                              100 Days of code
                            </span>
                          </div>
                          <p>
                            <span>
                              Lorem Ipsum
                            </span>
                          </p>
                          <div
                            class="provider"
                          >
                            <span>
                              Provided By:
                            </span>
                             
                            <span>
                              Joel & Natalie Rivera
                            </span>
                          </div>
                        </div>
                      </div>
                    </td>
                    <td>
                      $150.00
                    </td>
                    <td>
                      <button
                        class="btn btn-secondary"
                      >
                        <svg
                          fill="currentColor"
                          height="1em"
                          stroke="currentColor"
                          stroke-width="0"
                          viewBox="0 0 1024 1024"
                          width="1em"
                          xmlns="http://www.w3.org/2000/svg"
                        >
                          <path
                            d="M360 184h-8c4.4 0 8-3.6 8-8v8h304v-8c0 4.4 3.6 8 8 8h-8v72h72v-80c0-35.3-28.7-64-64-64H352c-35.3 0-64 28.7-64 64v80h72v-72zm504 72H160c-17.7 0-32 14.3-32 32v32c0 4.4 3.6 8 8 8h60.4l24.7 523c1.6 34.1 29.8 61 63.9 61h454c34.2 0 62.3-26.8 63.9-61l24.7-523H888c4.4 0 8-3.6 8-8v-32c0-17.7-14.3-32-32-32zM731.3 840H292.7l-24.2-512h487l-24.2 512z"
                          />
                        </svg>
                      </button>
                    </td>
                  </tr>
                  <tr>
                    <td>
                      <div
                        class="detail"
                      >
                        <div
                          class="icon"
                        >
                          <img
                            alt="Icon"
                            src="IMAGE_MOCK"
                          />
                        </div>
                        <div
                          class="desc"
                        >
                          <div
                            class="title"
                          >
                            <span>
                              100 Days of code
                            </span>
                          </div>
                          <p>
                            <span>
                              Lorem Ipsum
                            </span>
                          </p>
                          <div
                            class="provider"
                          >
                            <span>
                              Provided By:
                            </span>
                             
                            <span>
                              Joel & Natalie Rivera
                            </span>
                          </div>
                        </div>
                      </div>
                    </td>
                    <td>
                      $150.00
                    </td>
                    <td>
                      <button
                        class="btn btn-secondary"
                      >
                        <svg
                          fill="currentColor"
                          height="1em"
                          stroke="currentColor"
                          stroke-width="0"
                          viewBox="0 0 1024 1024"
                          width="1em"
                          xmlns="http://www.w3.org/2000/svg"
                        >
                          <path
                            d="M360 184h-8c4.4 0 8-3.6 8-8v8h304v-8c0 4.4 3.6 8 8 8h-8v72h72v-80c0-35.3-28.7-64-64-64H352c-35.3 0-64 28.7-64 64v80h72v-72zm504 72H160c-17.7 0-32 14.3-32 32v32c0 4.4 3.6 8 8 8h60.4l24.7 523c1.6 34.1 29.8 61 63.9 61h454c34.2 0 62.3-26.8 63.9-61l24.7-523H888c4.4 0 8-3.6 8-8v-32c0-17.7-14.3-32-32-32zM731.3 840H292.7l-24.2-512h487l-24.2 512z"
                          />
                        </svg>
                      </button>
                    </td>
                  </tr>
                  <tr>
                    <td>
                      <div
                        class="detail"
                      >
                        <div
                          class="icon"
                        >
                          <img
                            alt="Icon"
                            src="IMAGE_MOCK"
                          />
                        </div>
                        <div
                          class="desc"
                        >
                          <div
                            class="title"
                          >
                            <span>
                              100 Days of code
                            </span>
                          </div>
                          <p>
                            <span>
                              Lorem Ipsum
                            </span>
                          </p>
                          <div
                            class="provider"
                          >
                            <span>
                              Provided By:
                            </span>
                             
                            <span>
                              Joel & Natalie Rivera
                            </span>
                          </div>
                        </div>
                      </div>
                    </td>
                    <td>
                      $150.00
                    </td>
                    <td>
                      <button
                        class="btn btn-secondary"
                      >
                        <svg
                          fill="currentColor"
                          height="1em"
                          stroke="currentColor"
                          stroke-width="0"
                          viewBox="0 0 1024 1024"
                          width="1em"
                          xmlns="http://www.w3.org/2000/svg"
                        >
                          <path
                            d="M360 184h-8c4.4 0 8-3.6 8-8v8h304v-8c0 4.4 3.6 8 8 8h-8v72h72v-80c0-35.3-28.7-64-64-64H352c-35.3 0-64 28.7-64 64v80h72v-72zm504 72H160c-17.7 0-32 14.3-32 32v32c0 4.4 3.6 8 8 8h60.4l24.7 523c1.6 34.1 29.8 61 63.9 61h454c34.2 0 62.3-26.8 63.9-61l24.7-523H888c4.4 0 8-3.6 8-8v-32c0-17.7-14.3-32-32-32zM731.3 840H292.7l-24.2-512h487l-24.2 512z"
                          />
                        </svg>
                      </button>
                    </td>
                  </tr>
                  <tr>
                    <td>
                      <div
                        class="detail"
                      >
                        <div
                          class="icon"
                        >
                          <img
                            alt="Icon"
                            src="IMAGE_MOCK"
                          />
                        </div>
                        <div
                          class="desc"
                        >
                          <div
                            class="title"
                          >
                            <span>
                              100 Days of code
                            </span>
                          </div>
                          <p>
                            <span>
                              Lorem Ipsum
                            </span>
                          </p>
                          <div
                            class="provider"
                          >
                            <span>
                              Provided By:
                            </span>
                             
                            <span>
                              Joel & Natalie Rivera
                            </span>
                          </div>
                        </div>
                      </div>
                    </td>
                    <td>
                      $150.00
                    </td>
                    <td>
                      <button
                        class="btn btn-secondary"
                      >
                        <svg
                          fill="currentColor"
                          height="1em"
                          stroke="currentColor"
                          stroke-width="0"
                          viewBox="0 0 1024 1024"
                          width="1em"
                          xmlns="http://www.w3.org/2000/svg"
                        >
                          <path
                            d="M360 184h-8c4.4 0 8-3.6 8-8v8h304v-8c0 4.4 3.6 8 8 8h-8v72h72v-80c0-35.3-28.7-64-64-64H352c-35.3 0-64 28.7-64 64v80h72v-72zm504 72H160c-17.7 0-32 14.3-32 32v32c0 4.4 3.6 8 8 8h60.4l24.7 523c1.6 34.1 29.8 61 63.9 61h454c34.2 0 62.3-26.8 63.9-61l24.7-523H888c4.4 0 8-3.6 8-8v-32c0-17.7-14.3-32-32-32zM731.3 840H292.7l-24.2-512h487l-24.2 512z"
                          />
                        </svg>
                      </button>
                    </td>
                  </tr>
                  <tr>
                    <td>
                      <div
                        class="detail"
                      >
                        <div
                          class="icon"
                        >
                          <img
                            alt="Icon"
                            src="IMAGE_MOCK"
                          />
                        </div>
                        <div
                          class="desc"
                        >
                          <div
                            class="title"
                          >
                            <span>
                              100 Days of code
                            </span>
                          </div>
                          <p>
                            <span>
                              Lorem Ipsum
                            </span>
                          </p>
                          <div
                            class="provider"
                          >
                            <span>
                              Provided By:
                            </span>
                             
                            <span>
                              Joel & Natalie Rivera
                            </span>
                          </div>
                        </div>
                      </div>
                    </td>
                    <td>
                      $150.00
                    </td>
                    <td>
                      <button
                        class="btn btn-secondary"
                      >
                        <svg
                          fill="currentColor"
                          height="1em"
                          stroke="currentColor"
                          stroke-width="0"
                          viewBox="0 0 1024 1024"
                          width="1em"
                          xmlns="http://www.w3.org/2000/svg"
                        >
                          <path
                            d="M360 184h-8c4.4 0 8-3.6 8-8v8h304v-8c0 4.4 3.6 8 8 8h-8v72h72v-80c0-35.3-28.7-64-64-64H352c-35.3 0-64 28.7-64 64v80h72v-72zm504 72H160c-17.7 0-32 14.3-32 32v32c0 4.4 3.6 8 8 8h60.4l24.7 523c1.6 34.1 29.8 61 63.9 61h454c34.2 0 62.3-26.8 63.9-61l24.7-523H888c4.4 0 8-3.6 8-8v-32c0-17.7-14.3-32-32-32zM731.3 840H292.7l-24.2-512h487l-24.2 512z"
                          />
                        </svg>
                      </button>
                    </td>
                  </tr>
                </tbody>
              </table>
            </div>
            <div
              class="footer"
            >
              <div
                class="sub_total"
              >
                <p>
                  <span>
                    Subtotal :
                  </span>
                   $4230
                </p>
              </div>
            </div>
          </div>
        </div>
      </div>
      <div
        class="col-sm-12 col-md-5 col-lg-4"
      >
        <div
          class="row"
        >
          <div
            class="col-lg-12"
          >
            <div
              class="Wrapper-sc-8on6gx-0 dvkBbM"
            >
              <div
                class="heading"
              >
                <h4>
                  <span>
                    Payment Details
                  </span>
                </h4>
                <a
                  href="/"
                >
                  <svg
                    fill="currentColor"
                    height="1em"
                    stroke="currentColor"
                    stroke-width="0"
                    viewBox="0 0 16 16"
                    width="1em"
                    xmlns="http://www.w3.org/2000/svg"
                  >
                    <path
                      clip-rule="evenodd"
                      d="M7.854 4.646a.5.5 0 010 .708L5.207 8l2.647 2.646a.5.5 0 01-.708.708l-3-3a.5.5 0 010-.708l3-3a.5.5 0 01.708 0z"
                      fill-rule="evenodd"
                    />
                    <path
                      clip-rule="evenodd"
                      d="M4.5 8a.5.5 0 01.5-.5h6.5a.5.5 0 010 1H5a.5.5 0 01-.5-.5z"
                      fill-rule="evenodd"
                    />
                  </svg>
                </a>
              </div>
              <p>
                <span>
                  Complete your purchase by providing your payment details.
                </span>
              </p>
              <div
                class="form-group"
              >
                <label
                  class=""
                  for="email"
                >
                  <span>
                    Email Address
                  </span>
                </label>
                <input
                  class="form-control"
                  id="email"
                  name="email"
                  placeholder="Enter email"
                  type="email"
                />
              </div>
              <fieldset
                class="form-group"
              >
                <div
                  class="form-check"
                >
                  <label
                    class="form-check-label"
                  >
                    <input
                      class="form-check-input"
                      name="radio1"
                      type="radio"
                    />
                    <span>
                      Credit Card / Visa Card
                    </span>
                  </label>
                  <div
                    class="icon"
                  >
                    <img
                      alt="Master card"
                      src="IMAGE_MOCK"
                    />
                  </div>
                </div>
                <div
                  class="form-check"
                >
                  <label
                    class="form-check-label"
                  >
                    <input
                      class="form-check-input"
                      name="radio1"
                      type="radio"
                    />
                    <span>
                      PayPal
                    </span>
                  </label>
                  <div
                    class="icon"
                  >
                    <img
                      alt="Paypal"
                      src="IMAGE_MOCK"
                    />
                  </div>
                </div>
              </fieldset>
              <div
                class="paypal"
              >
                <p>
                  <span>
                    In order to complete your transaction, we will transfer you over PayPal's secure servers.
                  </span>
                </p>
              </div>
              <div
                class="form-group"
              >
                <label
                  class=""
                  for="cardholdername"
                >
                  <span>
                    Cardholder name
                  </span>
                </label>
                <input
                  class="form-control"
                  id="cardholdername"
                  name="cardholdername"
                  placeholder="Enter name"
                  type="text"
                />
              </div>
              <div
                class="form-group"
              >
                <label
                  class=""
                  for="cardnumber"
                >
                  <span>
                    Card Number
                  </span>
                </label>
                <input
                  class="form-control"
                  id="cardnumber"
                  name="cardnumber"
                  placeholder="Enter number"
                  type="text"
                />
              </div>
              <div
                class="form-group"
              >
                <label
                  class=""
                  for="cvc"
                >
                  <span>
                    MM / YY CVC
                  </span>
                </label>
                <input
                  class="form-control"
                  id="cvc"
                  name="cvc"
                  placeholder="mm - yy - CVC"
                  type="text"
                />
              </div>
              <div
                class="form-check"
              >
                <label
                  class="check_label form-check-label"
                >
                  <input
                    class="form-check-input"
                    type="checkbox"
                  />
                  <span>
                    Remember this card
                  </span>
                </label>
              </div>
              <div
                class="summary"
              >
                <h4>
                  <span>
                    Summary
                  </span>
                </h4>
                <ul
                  clasname="list"
                >
                  <li>
                    <p>
                      <span>
                        Original Price:
                      </span>
                    </p>
                    <p>
                      $94.99
                    </p>
                  </li>
                  <li>
                    <p>
                      <span>
                        Coupon Discounts:
                      </span>
                    </p>
                    <p>
                      -$74.00
                    </p>
                  </li>
                  <li>
                    <p>
                      <span>
                        Total:
                      </span>
                    </p>
                    <h4>
                      $20.99
                    </h4>
                  </li>
                </ul>
              </div>
              <div
                class="term_service"
              >
                <p>
                  <span>
                    By completing your purchase you agree to these
                  </span>
                   
                  <a
                    href="/"
                  >
                    <span>
                      Terms of Service.
                    </span>
                  </a>
                </p>
              </div>
              <button
                class="btn btn-secondary"
              >
                <span>
                  Pay
                </span>
                 $20.00
              </button>
              <div
                class="secure_payment"
              >
                <svg
                  fill="currentColor"
                  height="1em"
                  stroke="currentColor"
                  stroke-width="0"
                  viewBox="0 0 512 512"
                  width="1em"
                  xmlns="http://www.w3.org/2000/svg"
                >
                  <path
                    d="M376 186h-20v-40c0-55-45-100-100-100S156 91 156 146v40h-20c-22.002 0-40 17.998-40 40v200c0 22.002 17.998 40 40 40h240c22.002 0 40-17.998 40-40V226c0-22.002-17.998-40-40-40zM256 368c-22.002 0-40-17.998-40-40s17.998-40 40-40 40 17.998 40 40-17.998 40-40 40zm62.002-182H193.998v-40c0-34.004 28.003-62.002 62.002-62.002 34.004 0 62.002 27.998 62.002 62.002v40z"
                  />
                </svg>
                <p>
                  <span>
                    Payments are secure and encrypted
                  </span>
                </p>
              </div>
            </div>
          </div>
        </div>
      </div>
    </div>
  </div>
</div>
`;
