// Jest Snapshot v1, https://goo.gl/fbAQLP

exports[`<BootCampList /> should render its heading 1`] = `
<div
  class="sub_pages"
>
  <div
    class="container-xl"
  >
    <div
      class="Wrapper-gxlj2c-0 iYvjWb"
      id="filters"
    >
      <div
        class="row"
      >
        <div
          class="col-lg-12"
        >
          <div
            class="course_filters"
          >
            <div
              class="form-group"
            >
              <div
                class="MuiFormControl-root MuiFormControl-fullWidth"
              >
                <label
                  class=""
                >
                  <span>
                    Courses
                  </span>
                </label>
                <div
                  class="MuiInputBase-root WithStyles(ForwardRef(InputBase))-root-1 MuiInputBase-fullWidth MuiInputBase-formControl"
                >
                  <div
                    aria-haspopup="listbox"
                    class="MuiSelect-root MuiSelect-select MuiSelect-selectMenu MuiInputBase-input WithStyles(ForwardRef(InputBase))-input-2"
                    role="button"
                    tabindex="0"
                  >
                    English
                  </div>
                  <input
                    aria-hidden="true"
                    class="MuiSelect-nativeInput"
                    tabindex="-1"
                    value="0"
                  />
                  <svg
                    aria-hidden="true"
                    class="MuiSvgIcon-root MuiSelect-icon"
                    focusable="false"
                    viewBox="0 0 24 24"
                  >
                    <path
                      d="M7 10l5 5 5-5z"
                    />
                  </svg>
                </div>
              </div>
            </div>
            <div
              class="form-group"
            >
              <div
                class="MuiFormControl-root MuiFormControl-fullWidth"
              >
                <label
                  class=""
                >
                  <span>
                    Courses Type
                  </span>
                </label>
                <div
                  class="MuiInputBase-root WithStyles(ForwardRef(InputBase))-root-1 MuiInputBase-fullWidth MuiInputBase-formControl"
                >
                  <div
                    aria-haspopup="listbox"
                    class="MuiSelect-root MuiSelect-select MuiSelect-selectMenu MuiInputBase-input WithStyles(ForwardRef(InputBase))-input-2"
                    role="button"
                    tabindex="0"
                  >
                    High
                  </div>
                  <input
                    aria-hidden="true"
                    class="MuiSelect-nativeInput"
                    tabindex="-1"
                    value="0"
                  />
                  <svg
                    aria-hidden="true"
                    class="MuiSvgIcon-root MuiSelect-icon"
                    focusable="false"
                    viewBox="0 0 24 24"
                  >
                    <path
                      d="M7 10l5 5 5-5z"
                    />
                  </svg>
                </div>
              </div>
            </div>
            <div
              class="form-group"
            >
              <div
                class="MuiFormControl-root MuiFormControl-fullWidth"
              >
                <label
                  class=""
                >
                  <span>
                    Language
                  </span>
                </label>
                <div
                  class="MuiInputBase-root WithStyles(ForwardRef(InputBase))-root-1 MuiInputBase-fullWidth MuiInputBase-formControl"
                >
                  <div
                    aria-haspopup="listbox"
                    class="MuiSelect-root MuiSelect-select MuiSelect-selectMenu MuiInputBase-input WithStyles(ForwardRef(InputBase))-input-2"
                    role="button"
                    tabindex="0"
                  >
                    English
                  </div>
                  <input
                    aria-hidden="true"
                    class="MuiSelect-nativeInput"
                    tabindex="-1"
                    value="0"
                  />
                  <svg
                    aria-hidden="true"
                    class="MuiSvgIcon-root MuiSelect-icon"
                    focusable="false"
                    viewBox="0 0 24 24"
                  >
                    <path
                      d="M7 10l5 5 5-5z"
                    />
                  </svg>
                </div>
              </div>
            </div>
            <div
              class="form-group"
            >
              <div
                class="MuiFormControl-root MuiFormControl-fullWidth"
              >
                <label
                  class=""
                >
                  <span>
                    Level
                  </span>
                </label>
                <div
                  class="MuiInputBase-root WithStyles(ForwardRef(InputBase))-root-1 MuiInputBase-fullWidth MuiInputBase-formControl"
                >
                  <div
                    aria-haspopup="listbox"
                    class="MuiSelect-root MuiSelect-select MuiSelect-selectMenu MuiInputBase-input WithStyles(ForwardRef(InputBase))-input-2"
                    role="button"
                    tabindex="0"
                  >
                    Level 1
                  </div>
                  <input
                    aria-hidden="true"
                    class="MuiSelect-nativeInput"
                    tabindex="-1"
                    value="0"
                  />
                  <svg
                    aria-hidden="true"
                    class="MuiSvgIcon-root MuiSelect-icon"
                    focusable="false"
                    viewBox="0 0 24 24"
                  >
                    <path
                      d="M7 10l5 5 5-5z"
                    />
                  </svg>
                </div>
              </div>
            </div>
          </div>
        </div>
      </div>
      <div
        class="row"
      >
        <div
          class="col-lg-12"
        >
          <div
            class="total_results"
          >
            Showing 200 total results for BootCamp
          </div>
        </div>
      </div>
    </div>
    <div
      class="Wrapper-sc-1ddtw3h-0 bzsifs"
      id="list"
    >
      <div
        class="courses"
      >
        <div
          class="row"
        >
          <div
            class="col-lg-12"
          >
            <h4>
              <span>
                BootCamp List
              </span>
            </h4>
            <div
              class="courses_list"
            >
              <div
                class="single_course"
              >
                <div
                  class="course_img"
                >
                  <img
                    alt="Course"
                    src="IMAGE_MOCK"
                  />
                </div>
                <div
                  class="course_info"
                >
                  <h5>
                    <span>
                      Lorem ipsum vitea eros dictum, gravida massa id, pellentesque est.
                    </span>
                  </h5>
                  <div
                    class="course_short_info"
                  >
                    <div
                      class="course_desc"
                    >
                      <p>
                        <span>
                          Lorem ipsum vitea eros dictum, gravida massa id, pellentesque est. Lorem ipsum vitea eros dictum, gravida massa id, pellentesque est. Lorem ipsum vitea eros dictum, gravida massa id, pellentesque est.
                        </span>
                      </p>
                    </div>
                    <div
                      class="course_price"
                    >
                      <h5>
                        <span>
                          $50.00
                        </span>
                      </h5>
                      <del>
                        <span>
                          $150.00
                        </span>
                      </del>
                    </div>
                  </div>
                  <div
                    class="course_outcomes"
                  >
                    <div
                      class="outcomes"
                    >
                      <div
                        class="time"
                      >
                        <div
                          class="timing"
                        >
                          <svg
                            fill="currentColor"
                            height="1em"
                            stroke="currentColor"
                            stroke-width="0"
                            viewBox="0 0 24 24"
                            width="1em"
                            xmlns="http://www.w3.org/2000/svg"
                          >
                            <path
                              d="M12,2C6.486,2,2,6.486,2,12s4.486,10,10,10s10-4.486,10-10S17.514,2,12,2z M12,20c-4.411,0-8-3.589-8-8s3.589-8,8-8 s8,3.589,8,8S16.411,20,12,20z"
                            />
                            <path
                              d="M13 7L11 7 11 12.414 14.293 15.707 15.707 14.293 13 11.586z"
                            />
                          </svg>
                          <p>
                            <span>
                              Timings
                            </span>
                          </p>
                        </div>
                        <div
                          class="from-to"
                        >
                          <span>
                            10:00 pm
                          </span>
                           - 
                          <span>
                            12:00 pm
                          </span>
                        </div>
                      </div>
                      <div
                        class="date"
                      >
                        <svg
                          fill="currentColor"
                          height="1em"
                          stroke="currentColor"
                          stroke-width="0"
                          viewBox="0 0 24 24"
                          width="1em"
                          xmlns="http://www.w3.org/2000/svg"
                        >
                          <path
                            d="M7 11H9V13H7zM7 15H9V17H7zM11 11H13V13H11zM11 15H13V17H11zM15 11H17V13H15zM15 15H17V17H15z"
                          />
                          <path
                            d="M5,22h14c1.103,0,2-0.897,2-2V8V6c0-1.103-0.897-2-2-2h-2V2h-2v2H9V2H7v2H5C3.897,4,3,4.897,3,6v2v12 C3,21.103,3.897,22,5,22z M19,8l0.001,12H5V8H19z"
                          />
                        </svg>
                        <span>
                          July 07, 2021
                        </span>
                      </div>
                      <div
                        class="viewer"
                      >
                        <svg
                          fill="currentColor"
                          height="1em"
                          stroke="currentColor"
                          stroke-width="0"
                          viewBox="0 0 20 20"
                          width="1em"
                          xmlns="http://www.w3.org/2000/svg"
                        >
                          <path
                            d="M9 6a3 3 0 11-6 0 3 3 0 016 0zM17 6a3 3 0 11-6 0 3 3 0 016 0zM12.93 17c.046-.327.07-.66.07-1a6.97 6.97 0 00-1.5-4.33A5 5 0 0119 16v1h-6.07zM6 11a5 5 0 015 5v1H1v-1a5 5 0 015-5z"
                          />
                        </svg>
                        <span>
                          654,321
                        </span>
                         
                        <span>
                          Attendees
                        </span>
                      </div>
                    </div>
                    <div
                      class="like_enroll"
                    >
                      <button
                        class="btn btn-secondary"
                      >
                        <svg
                          fill="currentColor"
                          height="1em"
                          stroke="currentColor"
                          stroke-width="0"
                          viewBox="0 0 1024 1024"
                          width="1em"
                          xmlns="http://www.w3.org/2000/svg"
                        >
                          <path
                            d="M923 283.6a260.04 260.04 0 0 0-56.9-82.8 264.4 264.4 0 0 0-84-55.5A265.34 265.34 0 0 0 679.7 125c-49.3 0-97.4 13.5-139.2 39-10 6.1-19.5 12.8-28.5 20.1-9-7.3-18.5-14-28.5-20.1-41.8-25.5-89.9-39-139.2-39-35.5 0-69.9 6.8-102.4 20.3-31.4 13-59.7 31.7-84 55.5a258.44 258.44 0 0 0-56.9 82.8c-13.9 32.3-21 66.6-21 101.9 0 33.3 6.8 68 20.3 103.3 11.3 29.5 27.5 60.1 48.2 91 32.8 48.9 77.9 99.9 133.9 151.6 92.8 85.7 184.7 144.9 188.6 147.3l23.7 15.2c10.5 6.7 24 6.7 34.5 0l23.7-15.2c3.9-2.5 95.7-61.6 188.6-147.3 56-51.7 101.1-102.7 133.9-151.6 20.7-30.9 37-61.5 48.2-91 13.5-35.3 20.3-70 20.3-103.3.1-35.3-7-69.6-20.9-101.9zM512 814.8S156 586.7 156 385.5C156 283.6 240.3 201 344.3 201c73.1 0 136.5 40.8 167.7 100.4C543.2 241.8 606.6 201 679.7 201c104 0 188.3 82.6 188.3 184.5 0 201.2-356 429.3-356 429.3z"
                          />
                        </svg>
                      </button>
                      <button
                        class="btn btn-secondary"
                      >
                        <span>
                          Join Us
                        </span>
                      </button>
                    </div>
                  </div>
                </div>
              </div>
            </div>
          </div>
        </div>
      </div>
    </div>
  </div>
</div>
`;
