// Jest Snapshot v1, https://goo.gl/fbAQLP

exports[`<Articles /> should render and match the snapshot 1`] = `
<div
  className="Wrapper-sc-1y10xrm-0 dQakQP"
  id="services"
>
  <div
    className="container-xl"
  >
    <div
      className="row"
    >
      <div
        className="col-lg-12"
      >
        <div
          className="header"
        >
          <h4>
            <span>
              Articles
            </span>
          </h4>
        </div>
      </div>
    </div>
    <div
      className="row"
    >
      <div
        className="col-12 col-sm-12 col-md-6 col-lg-6"
      >
        <div
          className="single_item"
        >
          <div
            className="left"
          >
            <img
              alt="Icon"
              src="IMAGE_MOCK"
            />
            <h5>
              <span>
                Interactive Tools
              </span>
            </h5>
            <p>
              <span>
                Lorem ipsum vitea eros dictum, gravida massa id, pellentesque est.
              </span>
            </p>
            <a
              className="read_more"
              href="/article_details"
              onClick={[Function]}
            >
              <span>
                Read more
              </span>
            </a>
          </div>
          <div
            className="right"
          >
            <img
              alt="Interactive Tools"
              src="IMAGE_MOCK"
            />
          </div>
        </div>
      </div>
      <div
        className="col-12 col-sm-12 col-md-6 col-lg-6"
      >
        <div
          className="single_item"
        >
          <div
            className="left"
          >
            <img
              alt="icon"
              src="IMAGE_MOCK"
            />
            <h5>
              <span>
                Live Webinars
              </span>
            </h5>
            <p>
              <span>
                Lorem ipsum vitea eros dictum, gravida massa id, pellentesque est.
              </span>
            </p>
            <a
              className="read_more"
              href="/article_details"
              onClick={[Function]}
            >
              <span>
                Read more
              </span>
            </a>
          </div>
          <div
            className="right"
          >
            <img
              alt="Simulations"
              src="IMAGE_MOCK"
            />
          </div>
        </div>
      </div>
    </div>
  </div>
</div>
`;
