// Jest Snapshot v1, https://goo.gl/fbAQLP

exports[`<HackathonList /> should render and match the snapshot 1`] = `
<div
  className="Wrapper-agy1gc-0 bDOxAM"
  id="list"
>
  <div
    className="courses"
  >
    <div
      className="row"
    >
      <div
        className="col-lg-12"
      >
        <h4>
          <span>
            Hackathon List
          </span>
        </h4>
        <div
          className="courses_list"
        >
          <div
            className="single_course"
          >
            <div
              className="course_img"
            >
              <img
                alt="Course"
                src="IMAGE_MOCK"
              />
            </div>
            <div
              className="course_info"
            >
              <h5>
                <span>
                  Lorem ipsum vitea eros dictum, gravida massa id, pellentesque est.
                </span>
              </h5>
              <div
                className="course_short_info"
              >
                <div
                  className="course_desc"
                >
                  <p>
                    <span>
                      Lorem ipsum vitea eros dictum, gravida massa id, pellentesque est. Lorem ipsum vitea eros dictum, gravida massa id, pellentesque est. Lorem ipsum vitea eros dictum, gravida massa id, pellentesque est.
                    </span>
                  </p>
                </div>
                <div
                  className="course_price"
                >
                  <h5>
                    <span>
                      $50.00
                    </span>
                  </h5>
                  <del>
                    <span>
                      $150.00
                    </span>
                  </del>
                </div>
              </div>
              <div
                className="course_outcomes"
              >
                <div
                  className="outcomes"
                >
                  <div
                    className="date"
                  >
                    <svg
                      fill="currentColor"
                      height="1em"
                      stroke="currentColor"
                      strokeWidth="0"
                      style={
                        Object {
                          "color": undefined,
                        }
                      }
                      viewBox="0 0 24 24"
                      width="1em"
                      xmlns="http://www.w3.org/2000/svg"
                    >
                      <path
                        d="M7 11H9V13H7zM7 15H9V17H7zM11 11H13V13H11zM11 15H13V17H11zM15 11H17V13H15zM15 15H17V17H15z"
                      />
                      <path
                        d="M5,22h14c1.103,0,2-0.897,2-2V8V6c0-1.103-0.897-2-2-2h-2V2h-2v2H9V2H7v2H5C3.897,4,3,4.897,3,6v2v12 C3,21.103,3.897,22,5,22z M19,8l0.001,12H5V8H19z"
                      />
                    </svg>
                    <span>
                      July 07, 2021
                    </span>
                  </div>
                  <div
                    className="viewer"
                  >
                    <svg
                      fill="currentColor"
                      height="1em"
                      stroke="currentColor"
                      strokeWidth="0"
                      style={
                        Object {
                          "color": undefined,
                        }
                      }
                      viewBox="0 0 20 20"
                      width="1em"
                      xmlns="http://www.w3.org/2000/svg"
                    >
                      <path
                        d="M9 6a3 3 0 11-6 0 3 3 0 016 0zM17 6a3 3 0 11-6 0 3 3 0 016 0zM12.93 17c.046-.327.07-.66.07-1a6.97 6.97 0 00-1.5-4.33A5 5 0 0119 16v1h-6.07zM6 11a5 5 0 015 5v1H1v-1a5 5 0 015-5z"
                      />
                    </svg>
                    <span>
                      654,321
                    </span>
                    Â 
                    <span>
                      Attendees
                    </span>
                  </div>
                </div>
                <div
                  className="like_enroll"
                >
                  <button
                    aria-label={null}
                    className="btn btn-secondary"
                    onClick={[Function]}
                  >
                    <svg
                      fill="currentColor"
                      height="1em"
                      stroke="currentColor"
                      strokeWidth="0"
                      style={
                        Object {
                          "color": undefined,
                        }
                      }
                      viewBox="0 0 1024 1024"
                      width="1em"
                      xmlns="http://www.w3.org/2000/svg"
                    >
                      <path
                        d="M923 283.6a260.04 260.04 0 0 0-56.9-82.8 264.4 264.4 0 0 0-84-55.5A265.34 265.34 0 0 0 679.7 125c-49.3 0-97.4 13.5-139.2 39-10 6.1-19.5 12.8-28.5 20.1-9-7.3-18.5-14-28.5-20.1-41.8-25.5-89.9-39-139.2-39-35.5 0-69.9 6.8-102.4 20.3-31.4 13-59.7 31.7-84 55.5a258.44 258.44 0 0 0-56.9 82.8c-13.9 32.3-21 66.6-21 101.9 0 33.3 6.8 68 20.3 103.3 11.3 29.5 27.5 60.1 48.2 91 32.8 48.9 77.9 99.9 133.9 151.6 92.8 85.7 184.7 144.9 188.6 147.3l23.7 15.2c10.5 6.7 24 6.7 34.5 0l23.7-15.2c3.9-2.5 95.7-61.6 188.6-147.3 56-51.7 101.1-102.7 133.9-151.6 20.7-30.9 37-61.5 48.2-91 13.5-35.3 20.3-70 20.3-103.3.1-35.3-7-69.6-20.9-101.9zM512 814.8S156 586.7 156 385.5C156 283.6 240.3 201 344.3 201c73.1 0 136.5 40.8 167.7 100.4C543.2 241.8 606.6 201 679.7 201c104 0 188.3 82.6 188.3 184.5 0 201.2-356 429.3-356 429.3z"
                      />
                    </svg>
                  </button>
                  <button
                    aria-label={null}
                    className="btn btn-secondary"
                    onClick={[Function]}
                  >
                    <span>
                      Join Us
                    </span>
                  </button>
                </div>
              </div>
            </div>
          </div>
        </div>
      </div>
    </div>
  </div>
</div>
`;
